Archive member included to satisfy reference by file (symbol)

/Applications/STM32CubeIDE.app/Contents/Eclipse/plugins/com.st.stm32cube.ide.mcu.externaltools.gnu-tools-for-stm32.10.3-2021.10.macos64_1.0.200.202301161003/tools/bin/../lib/gcc/arm-none-eabi/10.3.1/../../../../arm-none-eabi/lib/thumb/v7-m/nofp/libc_nano.a(lib_a-errno.o)
                              ./Core/Src/syscalls.o (__errno)
/Applications/STM32CubeIDE.app/Contents/Eclipse/plugins/com.st.stm32cube.ide.mcu.externaltools.gnu-tools-for-stm32.10.3-2021.10.macos64_1.0.200.202301161003/tools/bin/../lib/gcc/arm-none-eabi/10.3.1/../../../../arm-none-eabi/lib/thumb/v7-m/nofp/libc_nano.a(lib_a-exit.o)
                              /Applications/STM32CubeIDE.app/Contents/Eclipse/plugins/com.st.stm32cube.ide.mcu.externaltools.gnu-tools-for-stm32.10.3-2021.10.macos64_1.0.200.202301161003/tools/bin/../lib/gcc/arm-none-eabi/10.3.1/../../../../arm-none-eabi/lib/thumb/v7-m/nofp/crt0.o (exit)
/Applications/STM32CubeIDE.app/Contents/Eclipse/plugins/com.st.stm32cube.ide.mcu.externaltools.gnu-tools-for-stm32.10.3-2021.10.macos64_1.0.200.202301161003/tools/bin/../lib/gcc/arm-none-eabi/10.3.1/../../../../arm-none-eabi/lib/thumb/v7-m/nofp/libc_nano.a(lib_a-findfp.o)
                              ./Middlewares/Third_Party/FreeRTOS/Source/tasks.o (__sf_fake_stderr)
/Applications/STM32CubeIDE.app/Contents/Eclipse/plugins/com.st.stm32cube.ide.mcu.externaltools.gnu-tools-for-stm32.10.3-2021.10.macos64_1.0.200.202301161003/tools/bin/../lib/gcc/arm-none-eabi/10.3.1/../../../../arm-none-eabi/lib/thumb/v7-m/nofp/libc_nano.a(lib_a-fwalk.o)
                              /Applications/STM32CubeIDE.app/Contents/Eclipse/plugins/com.st.stm32cube.ide.mcu.externaltools.gnu-tools-for-stm32.10.3-2021.10.macos64_1.0.200.202301161003/tools/bin/../lib/gcc/arm-none-eabi/10.3.1/../../../../arm-none-eabi/lib/thumb/v7-m/nofp/libc_nano.a(lib_a-findfp.o) (_fwalk)
/Applications/STM32CubeIDE.app/Contents/Eclipse/plugins/com.st.stm32cube.ide.mcu.externaltools.gnu-tools-for-stm32.10.3-2021.10.macos64_1.0.200.202301161003/tools/bin/../lib/gcc/arm-none-eabi/10.3.1/../../../../arm-none-eabi/lib/thumb/v7-m/nofp/libc_nano.a(lib_a-impure.o)
                              /Applications/STM32CubeIDE.app/Contents/Eclipse/plugins/com.st.stm32cube.ide.mcu.externaltools.gnu-tools-for-stm32.10.3-2021.10.macos64_1.0.200.202301161003/tools/bin/../lib/gcc/arm-none-eabi/10.3.1/../../../../arm-none-eabi/lib/thumb/v7-m/nofp/libc_nano.a(lib_a-exit.o) (_global_impure_ptr)
/Applications/STM32CubeIDE.app/Contents/Eclipse/plugins/com.st.stm32cube.ide.mcu.externaltools.gnu-tools-for-stm32.10.3-2021.10.macos64_1.0.200.202301161003/tools/bin/../lib/gcc/arm-none-eabi/10.3.1/../../../../arm-none-eabi/lib/thumb/v7-m/nofp/libc_nano.a(lib_a-init.o)
                              /Applications/STM32CubeIDE.app/Contents/Eclipse/plugins/com.st.stm32cube.ide.mcu.externaltools.gnu-tools-for-stm32.10.3-2021.10.macos64_1.0.200.202301161003/tools/bin/../lib/gcc/arm-none-eabi/10.3.1/../../../../arm-none-eabi/lib/thumb/v7-m/nofp/crt0.o (__libc_init_array)
/Applications/STM32CubeIDE.app/Contents/Eclipse/plugins/com.st.stm32cube.ide.mcu.externaltools.gnu-tools-for-stm32.10.3-2021.10.macos64_1.0.200.202301161003/tools/bin/../lib/gcc/arm-none-eabi/10.3.1/../../../../arm-none-eabi/lib/thumb/v7-m/nofp/libc_nano.a(lib_a-lock.o)
                              /Applications/STM32CubeIDE.app/Contents/Eclipse/plugins/com.st.stm32cube.ide.mcu.externaltools.gnu-tools-for-stm32.10.3-2021.10.macos64_1.0.200.202301161003/tools/bin/../lib/gcc/arm-none-eabi/10.3.1/../../../../arm-none-eabi/lib/thumb/v7-m/nofp/libc_nano.a(lib_a-findfp.o) (__retarget_lock_init_recursive)
/Applications/STM32CubeIDE.app/Contents/Eclipse/plugins/com.st.stm32cube.ide.mcu.externaltools.gnu-tools-for-stm32.10.3-2021.10.macos64_1.0.200.202301161003/tools/bin/../lib/gcc/arm-none-eabi/10.3.1/../../../../arm-none-eabi/lib/thumb/v7-m/nofp/libc_nano.a(lib_a-memcpy-stub.o)
                              ./Middlewares/Third_Party/FreeRTOS/Source/CMSIS_RTOS_V2/cmsis_os2.o (memcpy)
/Applications/STM32CubeIDE.app/Contents/Eclipse/plugins/com.st.stm32cube.ide.mcu.externaltools.gnu-tools-for-stm32.10.3-2021.10.macos64_1.0.200.202301161003/tools/bin/../lib/gcc/arm-none-eabi/10.3.1/../../../../arm-none-eabi/lib/thumb/v7-m/nofp/libc_nano.a(lib_a-memset.o)
                              /Applications/STM32CubeIDE.app/Contents/Eclipse/plugins/com.st.stm32cube.ide.mcu.externaltools.gnu-tools-for-stm32.10.3-2021.10.macos64_1.0.200.202301161003/tools/bin/../lib/gcc/arm-none-eabi/10.3.1/../../../../arm-none-eabi/lib/thumb/v7-m/nofp/crt0.o (memset)
/Applications/STM32CubeIDE.app/Contents/Eclipse/plugins/com.st.stm32cube.ide.mcu.externaltools.gnu-tools-for-stm32.10.3-2021.10.macos64_1.0.200.202301161003/tools/bin/../lib/gcc/arm-none-eabi/10.3.1/../../../../arm-none-eabi/lib/thumb/v7-m/nofp/libc_nano.a(lib_a-nano-mallocr.o)
[...]
Memory Configuration

Name             Origin             Length             Attributes
RAM              0x0000000020000000 0x0000000000005000 xrw
FLASH            0x0000000008000000 0x0000000000010000 xr
*default*        0x0000000000000000 0xffffffffffffffff

Linker script and memory map

LOAD /Applications/STM32CubeIDE.app/Contents/Eclipse/plugins/com.st.stm32cube.ide.mcu.externaltools.gnu-tools-for-stm32.10.3-2021.10.macos64_1.0.200.202301161003/tools/bin/../lib/gcc/arm-none-eabi/10.3.1/thumb/v7-m/nofp/crti.o
LOAD /Applications/STM32CubeIDE.app/Contents/Eclipse/plugins/com.st.stm32cube.ide.mcu.externaltools.gnu-tools-for-stm32.10.3-2021.10.macos64_1.0.200.202301161003/tools/bin/../lib/gcc/arm-none-eabi/10.3.1/thumb/v7-m/nofp/crtbegin.o
LOAD /Applications/STM32CubeIDE.app/Contents/Eclipse/plugins/com.st.stm32cube.ide.mcu.externaltools.gnu-tools-for-stm32.10.3-2021.10.macos64_1.0.200.202301161003/tools/bin/../lib/gcc/arm-none-eabi/10.3.1/../../../../arm-none-eabi/lib/thumb/v7-m/nofp/crt0.o
LOAD ./Core/Src/dma.o
LOAD ./Core/Src/freertos.o
LOAD ./Core/Src/gpio.o
LOAD ./Core/Src/main.o
LOAD ./Core/Src/stm32f1xx_hal_msp.o
LOAD ./Core/Src/stm32f1xx_it.o
LOAD ./Core/Src/syscalls.o
LOAD ./Core/Src/sysmem.o
LOAD ./Core/Src/system_stm32f1xx.o
LOAD ./Core/Src/usart.o
LOAD ./Core/Startup/startup_stm32f103c8tx.o
LOAD ./Drivers/STM32F1xx_HAL_Driver/Src/stm32f1xx_hal.o
LOAD ./Drivers/STM32F1xx_HAL_Driver/Src/stm32f1xx_hal_cortex.o
LOAD ./Drivers/STM32F1xx_HAL_Driver/Src/stm32f1xx_hal_dma.o
LOAD ./Drivers/STM32F1xx_HAL_Driver/Src/stm32f1xx_hal_exti.o
LOAD ./Drivers/STM32F1xx_HAL_Driver/Src/stm32f1xx_hal_flash.o
LOAD ./Drivers/STM32F1xx_HAL_Driver/Src/stm32f1xx_hal_flash_ex.o
LOAD ./Drivers/STM32F1xx_HAL_Driver/Src/stm32f1xx_hal_gpio.o
LOAD ./Drivers/STM32F1xx_HAL_Driver/Src/stm32f1xx_hal_gpio_ex.o
LOAD ./Drivers/STM32F1xx_HAL_Driver/Src/stm32f1xx_hal_pwr.o
LOAD ./Drivers/STM32F1xx_HAL_Driver/Src/stm32f1xx_hal_rcc.o
LOAD ./Drivers/STM32F1xx_HAL_Driver/Src/stm32f1xx_hal_rcc_ex.o
LOAD ./Drivers/STM32F1xx_HAL_Driver/Src/stm32f1xx_hal_tim.o
LOAD ./Drivers/STM32F1xx_HAL_Driver/Src/stm32f1xx_hal_tim_ex.o
LOAD ./Drivers/STM32F1xx_HAL_Driver/Src/stm32f1xx_hal_uart.o
LOAD ./Middlewares/Third_Party/FreeRTOS/Source/CMSIS_RTOS_V2/cmsis_os2.o
LOAD ./Middlewares/Third_Party/FreeRTOS/Source/croutine.o
LOAD ./Middlewares/Third_Party/FreeRTOS/Source/event_groups.o
LOAD ./Middlewares/Third_Party/FreeRTOS/Source/list.o
LOAD ./Middlewares/Third_Party/FreeRTOS/Source/queue.o
LOAD ./Middlewares/Third_Party/FreeRTOS/Source/stream_buffer.o
LOAD ./Middlewares/Third_Party/FreeRTOS/Source/tasks.o
LOAD ./Middlewares/Third_Party/FreeRTOS/Source/timers.o
LOAD ./Middlewares/Third_Party/FreeRTOS/Source/portable/GCC/ARM_CM3/port.o
LOAD ./Middlewares/Third_Party/FreeRTOS/Source/portable/MemMang/heap_4.o
START GROUP
LOAD /Applications/STM32CubeIDE.app/Contents/Eclipse/plugins/com.st.stm32cube.ide.mcu.externaltools.gnu-tools-for-stm32.10.3-2021.10.macos64_1.0.200.202301161003/tools/bin/../lib/gcc/arm-none-eabi/10.3.1/../../../../arm-none-eabi/lib/thumb/v7-m/nofp/libc_nano.a
LOAD /Applications/STM32CubeIDE.app/Contents/Eclipse/plugins/com.st.stm32cube.ide.mcu.externaltools.gnu-tools-for-stm32.10.3-2021.10.macos64_1.0.200.202301161003/tools/bin/../lib/gcc/arm-none-eabi/10.3.1/../../../../arm-none-eabi/lib/thumb/v7-m/nofp/libm.a
END GROUP
START GROUP
LOAD /Applications/STM32CubeIDE.app/Contents/Eclipse/plugins/com.st.stm32cube.ide.mcu.externaltools.gnu-tools-for-stm32.10.3-2021.10.macos64_1.0.200.202301161003/tools/bin/../lib/gcc/arm-none-eabi/10.3.1/thumb/v7-m/nofp/libgcc.a
LOAD /Applications/STM32CubeIDE.app/Contents/Eclipse/plugins/com.st.stm32cube.ide.mcu.externaltools.gnu-tools-for-stm32.10.3-2021.10.macos64_1.0.200.202301161003/tools/bin/../lib/gcc/arm-none-eabi/10.3.1/../../../../arm-none-eabi/lib/thumb/v7-m/nofp/libc_nano.a
END GROUP
START GROUP
LOAD /Applications/STM32CubeIDE.app/Contents/Eclipse/plugins/com.st.stm32cube.ide.mcu.externaltools.gnu-tools-for-stm32.10.3-2021.10.macos64_1.0.200.202301161003/tools/bin/../lib/gcc/arm-none-eabi/10.3.1/thumb/v7-m/nofp/libgcc.a
LOAD /Applications/STM32CubeIDE.app/Contents/Eclipse/plugins/com.st.stm32cube.ide.mcu.externaltools.gnu-tools-for-stm32.10.3-2021.10.macos64_1.0.200.202301161003/tools/bin/../lib/gcc/arm-none-eabi/10.3.1/../../../../arm-none-eabi/lib/thumb/v7-m/nofp/libc_nano.a
LOAD /Applications/STM32CubeIDE.app/Contents/Eclipse/plugins/com.st.stm32cube.ide.mcu.externaltools.gnu-tools-for-stm32.10.3-2021.10.macos64_1.0.200.202301161003/tools/bin/../lib/gcc/arm-none-eabi/10.3.1/../../../../arm-none-eabi/lib/thumb/v7-m/nofp/libnosys.a
END GROUP
START GROUP
LOAD /Applications/STM32CubeIDE.app/Contents/Eclipse/plugins/com.st.stm32cube.ide.mcu.externaltools.gnu-tools-for-stm32.10.3-2021.10.macos64_1.0.200.202301161003/tools/bin/../lib/gcc/arm-none-eabi/10.3.1/thumb/v7-m/nofp/libgcc.a
LOAD /Applications/STM32CubeIDE.app/Contents/Eclipse/plugins/com.st.stm32cube.ide.mcu.externaltools.gnu-tools-for-stm32.10.3-2021.10.macos64_1.0.200.202301161003/tools/bin/../lib/gcc/arm-none-eabi/10.3.1/../../../../arm-none-eabi/lib/thumb/v7-m/nofp/libc_nano.a
LOAD /Applications/STM32CubeIDE.app/Contents/Eclipse/plugins/com.st.stm32cube.ide.mcu.externaltools.gnu-tools-for-stm32.10.3-2021.10.macos64_1.0.200.202301161003/tools/bin/../lib/gcc/arm-none-eabi/10.3.1/../../../../arm-none-eabi/lib/thumb/v7-m/nofp/libnosys.a
END GROUP
LOAD /Applications/STM32CubeIDE.app/Contents/Eclipse/plugins/com.st.stm32cube.ide.mcu.externaltools.gnu-tools-for-stm32.10.3-2021.10.macos64_1.0.200.202301161003/tools/bin/../lib/gcc/arm-none-eabi/10.3.1/thumb/v7-m/nofp/crtend.o
LOAD /Applications/STM32CubeIDE.app/Contents/Eclipse/plugins/com.st.stm32cube.ide.mcu.externaltools.gnu-tools-for-stm32.10.3-2021.10.macos64_1.0.200.202301161003/tools/bin/../lib/gcc/arm-none-eabi/10.3.1/thumb/v7-m/nofp/crtn.o
                0x0000000020005000                _estack = (ORIGIN (RAM) + LENGTH (RAM))
                0x0000000000000200                _Min_Heap_Size = 0x200
                0x0000000000000400                _Min_Stack_Size = 0x400

.isr_vector     0x0000000008000000      0x10c
                0x0000000008000000                . = ALIGN (0x4)
 *(.isr_vector)
 .isr_vector    0x0000000008000000      0x10c ./Core/Startup/startup_stm32f103c8tx.o
                0x0000000008000000                g_pfnVectors
                0x000000000800010c                . = ALIGN (0x4)

.text           0x0000000008000110     0x71f8
                0x0000000008000110                . = ALIGN (0x4)
 *(.text)
 .text          0x0000000008000110       0x40 /Applications/STM32CubeIDE.app/Contents/Eclipse/plugins/com.st.stm32cube.ide.mcu.externaltools.gnu-tools-for-stm32.10.3-2021.10.macos64_1.0.200.202301161003/tools/bin/../lib/gcc/arm-none-eabi/10.3.1/thumb/v7-m/nofp/crtbegin.o
 .text          0x0000000008000150      0x254 /Applications/STM32CubeIDE.app/Contents/Eclipse/plugins/com.st.stm32cube.ide.mcu.externaltools.gnu-tools-for-stm32.10.3-2021.10.macos64_1.0.200.202301161003/tools/bin/../lib/gcc/arm-none-eabi/10.3.1/thumb/v7-m/nofp/libgcc.a(_arm_muldf3.o)
                0x0000000008000150                __aeabi_dmul
                0x0000000008000150                __muldf3
 .text          0x00000000080003a4      0x378 /Applications/STM32CubeIDE.app/Contents/Eclipse/plugins/com.st.stm32cube.ide.mcu.externaltools.gnu-tools-for-stm32.10.3-2021.10.macos64_1.0.200.202301161003/tools/bin/../lib/gcc/arm-none-eabi/10.3.1/thumb/v7-m/nofp/libgcc.a(_arm_addsubdf3.o)
                0x00000000080003a4                __aeabi_drsub
                0x00000000080003ac                __subdf3
                0x00000000080003ac                __aeabi_dsub
                0x00000000080003b0                __aeabi_dadd
                0x00000000080003b0                __adddf3
                0x0000000008000628                __aeabi_ui2d
                0x0000000008000628                __floatunsidf
                0x0000000008000648                __floatsidf
                0x0000000008000648                __aeabi_i2d
                0x000000000800066c                __extendsfdf2
                0x000000000800066c                __aeabi_f2d
                0x00000000080006b0                __aeabi_ul2d
                0x00000000080006b0                __floatundidf
                0x00000000080006c0                __aeabi_l2d
                0x00000000080006c0                __floatdidf
 .text          0x000000000800071c      0x110 /Applications/STM32CubeIDE.app/Contents/Eclipse/plugins/com.st.stm32cube.ide.mcu.externaltools.gnu-tools-for-stm32.10.3-2021.10.macos64_1.0.200.202301161003/tools/bin/../lib/gcc/arm-none-eabi/10.3.1/thumb/v7-m/nofp/libgcc.a(_arm_cmpdf2.o)
                0x000000000800071c                __gedf2
                0x000000000800071c                __gtdf2
                0x0000000008000724                __ledf2
                0x0000000008000724                __ltdf2
                0x000000000800072c                __cmpdf2
                0x000000000800072c                __eqdf2
                0x000000000800072c                __nedf2
                0x00000000080007a8                __aeabi_cdrcmple
                0x00000000080007b8                __aeabi_cdcmple
                0x00000000080007b8                __aeabi_cdcmpeq
                0x00000000080007c8                __aeabi_dcmpeq
                0x00000000080007dc                __aeabi_dcmplt
                0x00000000080007f0                __aeabi_dcmple
                0x0000000008000804                __aeabi_dcmpge
                0x0000000008000818                __aeabi_dcmpgt
 *(.text*)
 .text.MX_DMA_Init
                0x000000000800082c       0x4c ./Core/Src/dma.o
                0x000000000800082c                MX_DMA_Init
 .text.HAL_UART_RxCpltCallback
                0x0000000008000878       0x20 ./Core/Src/freertos.o
                0x0000000008000878                HAL_UART_RxCpltCallback
 .text.HAL_UART_TxCpltCallback
                0x0000000008000898       0x12 ./Core/Src/freertos.o
                0x0000000008000898                HAL_UART_TxCpltCallback
 *fill*         0x00000000080008aa        0x2 
 .text.f_zero   0x00000000080008ac       0x54 ./Core/Src/freertos.o
                0x00000000080008ac                f_zero
 .text.z_zero   0x0000000008000900       0x7c ./Core/Src/freertos.o
                0x0000000008000900                z_zero
 .text.stop_f   0x000000000800097c       0x3c ./Core/Src/freertos.o
                0x000000000800097c                stop_f
 .text.autofocus
                0x00000000080009b8      0x2d8 ./Core/Src/freertos.o
                0x00000000080009b8                autofocus
 .text.MX_FREERTOS_Init
                0x0000000008000c90       0x70 ./Core/Src/freertos.o
                0x0000000008000c90                MX_FREERTOS_Init
 .text.StartDefaultTask
                0x0000000008000d00       0x18 ./Core/Src/freertos.o
                0x0000000008000d00                StartDefaultTask
 .text.CommTask
                0x0000000008000d18       0xe8 ./Core/Src/freertos.o
                0x0000000008000d18                CommTask
 .text.BtnReadTask
                0x0000000008000e00      0x33c ./Core/Src/freertos.o
                0x0000000008000e00                BtnReadTask
 .text.MX_GPIO_Init
                0x000000000800113c      0x12c ./Core/Src/gpio.o
                0x000000000800113c                MX_GPIO_Init
 .text.main     0x0000000008001268       0x2a ./Core/Src/main.o
                0x0000000008001268                main
 .text.SystemClock_Config
                0x0000000008001292       0x8a ./Core/Src/main.o
                0x0000000008001292                SystemClock_Config
 .text.Error_Handler
                0x000000000800131c        0xa ./Core/Src/main.o
                0x000000000800131c                Error_Handler
 *fill*         0x0000000008001326        0x2 
 .text.HAL_MspInit
                0x0000000008001328       0x70 ./Core/Src/stm32f1xx_hal_msp.o
                0x0000000008001328                HAL_MspInit
 .text.NMI_Handler
                0x0000000008001398        0x6 ./Core/Src/stm32f1xx_it.o
                0x0000000008001398                NMI_Handler
 .text.HardFault_Handler
                0x000000000800139e        0x6 ./Core/Src/stm32f1xx_it.o
                0x000000000800139e                HardFault_Handler
 .text.MemManage_Handler
                0x00000000080013a4        0x6 ./Core/Src/stm32f1xx_it.o
                0x00000000080013a4                MemManage_Handler
 .text.BusFault_Handler
                0x00000000080013aa        0x6 ./Core/Src/stm32f1xx_it.o
                0x00000000080013aa                BusFault_Handler
 .text.UsageFault_Handler
                0x00000000080013b0        0x6 ./Core/Src/stm32f1xx_it.o
                0x00000000080013b0                UsageFault_Handler
 .text.DebugMon_Handler
                0x00000000080013b6        0xc ./Core/Src/stm32f1xx_it.o
                0x00000000080013b6                DebugMon_Handler
 .text.SysTick_Handler
                0x00000000080013c2       0x1a ./Core/Src/stm32f1xx_it.o
                0x00000000080013c2                SysTick_Handler
 .text.EXTI3_IRQHandler
                0x00000000080013dc       0x94 ./Core/Src/stm32f1xx_it.o
                0x00000000080013dc                EXTI3_IRQHandler
 .text.DMA1_Channel4_IRQHandler
                0x0000000008001470       0x14 ./Core/Src/stm32f1xx_it.o
                0x0000000008001470                DMA1_Channel4_IRQHandler
 .text.DMA1_Channel5_IRQHandler
                0x0000000008001484       0x14 ./Core/Src/stm32f1xx_it.o
                0x0000000008001484                DMA1_Channel5_IRQHandler
 .text.EXTI9_5_IRQHandler
                0x0000000008001498       0x94 ./Core/Src/stm32f1xx_it.o
                0x0000000008001498                EXTI9_5_IRQHandler
 .text.USART1_IRQHandler
                0x000000000800152c       0x14 ./Core/Src/stm32f1xx_it.o
                0x000000000800152c                USART1_IRQHandler
 .text.USART3_IRQHandler
                0x0000000008001540       0x14 ./Core/Src/stm32f1xx_it.o
                0x0000000008001540                USART3_IRQHandler
 .text.SystemInit
                0x0000000008001554        0xc ./Core/Src/system_stm32f1xx.o
                0x0000000008001554                SystemInit
 .text.MX_USART1_UART_Init
                0x0000000008001560       0x54 ./Core/Src/usart.o
                0x0000000008001560                MX_USART1_UART_Init
 .text.MX_USART3_UART_Init
                0x00000000080015b4       0x54 ./Core/Src/usart.o
                0x00000000080015b4                MX_USART3_UART_Init
 .text.HAL_UART_MspInit
                0x0000000008001608      0x1dc ./Core/Src/usart.o
                0x0000000008001608                HAL_UART_MspInit
 .text.Reset_Handler
                0x00000000080017e4       0x48 ./Core/Startup/startup_stm32f103c8tx.o
                0x00000000080017e4                Reset_Handler
 .text.Default_Handler
                0x000000000800182c        0x2 ./Core/Startup/startup_stm32f103c8tx.o
                0x000000000800182c                USBWakeUp_IRQHandler
                0x000000000800182c                EXTI2_IRQHandler
                0x000000000800182c                TIM1_CC_IRQHandler
                0x000000000800182c                PVD_IRQHandler
                0x000000000800182c                EXTI0_IRQHandler
                0x000000000800182c                I2C2_EV_IRQHandler
                0x000000000800182c                ADC1_2_IRQHandler
                0x000000000800182c                SPI1_IRQHandler
                0x000000000800182c                TAMPER_IRQHandler
                0x000000000800182c                RTC_IRQHandler
                0x000000000800182c                DMA1_Channel7_IRQHandler
                0x000000000800182c                CAN1_RX1_IRQHandler
                0x000000000800182c                TIM4_IRQHandler
                0x000000000800182c                I2C1_EV_IRQHandler
                0x000000000800182c                DMA1_Channel6_IRQHandler
                0x000000000800182c                TIM3_IRQHandler
                0x000000000800182c                RCC_IRQHandler
                0x000000000800182c                TIM1_TRG_COM_IRQHandler
                0x000000000800182c                DMA1_Channel1_IRQHandler
                0x000000000800182c                Default_Handler
                0x000000000800182c                EXTI15_10_IRQHandler
                0x000000000800182c                SPI2_IRQHandler
                0x000000000800182c                EXTI4_IRQHandler
                0x000000000800182c                USB_LP_CAN1_RX0_IRQHandler
                0x000000000800182c                USB_HP_CAN1_TX_IRQHandler
                0x000000000800182c                DMA1_Channel3_IRQHandler
                0x000000000800182c                TIM1_UP_IRQHandler
                0x000000000800182c                WWDG_IRQHandler
                0x000000000800182c                TIM2_IRQHandler
                0x000000000800182c                TIM1_BRK_IRQHandler
                0x000000000800182c                EXTI1_IRQHandler
                0x000000000800182c                USART2_IRQHandler
                0x000000000800182c                I2C2_ER_IRQHandler
                0x000000000800182c                DMA1_Channel2_IRQHandler
                0x000000000800182c                CAN1_SCE_IRQHandler
                0x000000000800182c                FLASH_IRQHandler
                0x000000000800182c                I2C1_ER_IRQHandler
                0x000000000800182c                RTC_Alarm_IRQHandler
 *fill*         0x000000000800182e        0x2 
 .text.HAL_Init
                0x0000000008001830       0x2c ./Drivers/STM32F1xx_HAL_Driver/Src/stm32f1xx_hal.o
                0x0000000008001830                HAL_Init
 .text.HAL_InitTick
                0x000000000800185c       0x60 ./Drivers/STM32F1xx_HAL_Driver/Src/stm32f1xx_hal.o
                0x000000000800185c                HAL_InitTick
 .text.HAL_IncTick
                0x00000000080018bc       0x24 ./Drivers/STM32F1xx_HAL_Driver/Src/stm32f1xx_hal.o
                0x00000000080018bc                HAL_IncTick
 .text.HAL_GetTick
                0x00000000080018e0       0x14 ./Drivers/STM32F1xx_HAL_Driver/Src/stm32f1xx_hal.o
                0x00000000080018e0                HAL_GetTick
 .text.__NVIC_SetPriorityGrouping
                0x00000000080018f4       0x48 ./Drivers/STM32F1xx_HAL_Driver/Src/stm32f1xx_hal_cortex.o
 .text.__NVIC_GetPriorityGrouping
                0x000000000800193c       0x1c ./Drivers/STM32F1xx_HAL_Driver/Src/stm32f1xx_hal_cortex.o
 .text.__NVIC_EnableIRQ
                0x0000000008001958       0x38 ./Drivers/STM32F1xx_HAL_Driver/Src/stm32f1xx_hal_cortex.o
 .text.__NVIC_SetPriority
                0x0000000008001990       0x54 ./Drivers/STM32F1xx_HAL_Driver/Src/stm32f1xx_hal_cortex.o
 .text.NVIC_EncodePriority
                0x00000000080019e4       0x64 ./Drivers/STM32F1xx_HAL_Driver/Src/stm32f1xx_hal_cortex.o
 .text.SysTick_Config
                0x0000000008001a48       0x44 ./Drivers/STM32F1xx_HAL_Driver/Src/stm32f1xx_hal_cortex.o
 .text.HAL_NVIC_SetPriorityGrouping
                0x0000000008001a8c       0x16 ./Drivers/STM32F1xx_HAL_Driver/Src/stm32f1xx_hal_cortex.o
                0x0000000008001a8c                HAL_NVIC_SetPriorityGrouping
 .text.HAL_NVIC_SetPriority
                0x0000000008001aa2       0x38 ./Drivers/STM32F1xx_HAL_Driver/Src/stm32f1xx_hal_cortex.o
                0x0000000008001aa2                HAL_NVIC_SetPriority
 .text.HAL_NVIC_EnableIRQ
                0x0000000008001ada       0x1c ./Drivers/STM32F1xx_HAL_Driver/Src/stm32f1xx_hal_cortex.o
                0x0000000008001ada                HAL_NVIC_EnableIRQ
 .text.HAL_SYSTICK_Config
                0x0000000008001af6       0x18 ./Drivers/STM32F1xx_HAL_Driver/Src/stm32f1xx_hal_cortex.o
                0x0000000008001af6                HAL_SYSTICK_Config
 *fill*         0x0000000008001b0e        0x2 
 .text.HAL_DMA_Init
                0x0000000008001b10       0xb4 ./Drivers/STM32F1xx_HAL_Driver/Src/stm32f1xx_hal_dma.o
                0x0000000008001b10                HAL_DMA_Init
 .text.HAL_DMA_Start_IT
                0x0000000008001bc4       0xc0 ./Drivers/STM32F1xx_HAL_Driver/Src/stm32f1xx_hal_dma.o
                0x0000000008001bc4                HAL_DMA_Start_IT
 .text.HAL_DMA_Abort
                0x0000000008001c84       0x76 ./Drivers/STM32F1xx_HAL_Driver/Src/stm32f1xx_hal_dma.o
                0x0000000008001c84                HAL_DMA_Abort
 *fill*         0x0000000008001cfa        0x2 
 .text.HAL_DMA_Abort_IT
                0x0000000008001cfc       0xf0 ./Drivers/STM32F1xx_HAL_Driver/Src/stm32f1xx_hal_dma.o
                0x0000000008001cfc                HAL_DMA_Abort_IT
 .text.HAL_DMA_IRQHandler
                0x0000000008001dec      0x20c ./Drivers/STM32F1xx_HAL_Driver/Src/stm32f1xx_hal_dma.o
                0x0000000008001dec                HAL_DMA_IRQHandler
 .text.HAL_DMA_GetError
                0x0000000008001ff8       0x16 ./Drivers/STM32F1xx_HAL_Driver/Src/stm32f1xx_hal_dma.o
                0x0000000008001ff8                HAL_DMA_GetError
 .text.DMA_SetConfig
                0x000000000800200e       0x5a ./Drivers/STM32F1xx_HAL_Driver/Src/stm32f1xx_hal_dma.o
 .text.HAL_GPIO_Init
                0x0000000008002068      0x308 ./Drivers/STM32F1xx_HAL_Driver/Src/stm32f1xx_hal_gpio.o
                0x0000000008002068                HAL_GPIO_Init
 .text.HAL_GPIO_ReadPin
                0x0000000008002370       0x2e ./Drivers/STM32F1xx_HAL_Driver/Src/stm32f1xx_hal_gpio.o
                0x0000000008002370                HAL_GPIO_ReadPin
 .text.HAL_GPIO_WritePin
                0x000000000800239e       0x30 ./Drivers/STM32F1xx_HAL_Driver/Src/stm32f1xx_hal_gpio.o
                0x000000000800239e                HAL_GPIO_WritePin
 *fill*         0x00000000080023ce        0x2 
 .text.HAL_GPIO_EXTI_IRQHandler
                0x00000000080023d0       0x30 ./Drivers/STM32F1xx_HAL_Driver/Src/stm32f1xx_hal_gpio.o
                0x00000000080023d0                HAL_GPIO_EXTI_IRQHandler
 .text.HAL_GPIO_EXTI_Callback
                0x0000000008002400       0x14 ./Drivers/STM32F1xx_HAL_Driver/Src/stm32f1xx_hal_gpio.o
                0x0000000008002400                HAL_GPIO_EXTI_Callback
 .text.HAL_RCC_OscConfig
                0x0000000008002414      0x504 ./Drivers/STM32F1xx_HAL_Driver/Src/stm32f1xx_hal_rcc.o
                0x0000000008002414                HAL_RCC_OscConfig
 .text.HAL_RCC_ClockConfig
                0x0000000008002918      0x1d4 ./Drivers/STM32F1xx_HAL_Driver/Src/stm32f1xx_hal_rcc.o
                0x0000000008002918                HAL_RCC_ClockConfig
 .text.HAL_RCC_GetSysClockFreq
                0x0000000008002aec       0xac ./Drivers/STM32F1xx_HAL_Driver/Src/stm32f1xx_hal_rcc.o
                0x0000000008002aec                HAL_RCC_GetSysClockFreq
 .text.HAL_RCC_GetHCLKFreq
                0x0000000008002b98       0x14 ./Drivers/STM32F1xx_HAL_Driver/Src/stm32f1xx_hal_rcc.o
                0x0000000008002b98                HAL_RCC_GetHCLKFreq
 .text.HAL_RCC_GetPCLK1Freq
                0x0000000008002bac       0x28 ./Drivers/STM32F1xx_HAL_Driver/Src/stm32f1xx_hal_rcc.o
                0x0000000008002bac                HAL_RCC_GetPCLK1Freq
 .text.HAL_RCC_GetPCLK2Freq
                0x0000000008002bd4       0x28 ./Drivers/STM32F1xx_HAL_Driver/Src/stm32f1xx_hal_rcc.o
                0x0000000008002bd4                HAL_RCC_GetPCLK2Freq
 .text.RCC_Delay
                0x0000000008002bfc       0x3c ./Drivers/STM32F1xx_HAL_Driver/Src/stm32f1xx_hal_rcc.o
 .text.HAL_UART_Init
                0x0000000008002c38       0xa0 ./Drivers/STM32F1xx_HAL_Driver/Src/stm32f1xx_hal_uart.o
                0x0000000008002c38                HAL_UART_Init
 .text.HAL_UART_Transmit
                0x0000000008002cd8      0x106 ./Drivers/STM32F1xx_HAL_Driver/Src/stm32f1xx_hal_uart.o
                0x0000000008002cd8                HAL_UART_Transmit
 *fill*         0x0000000008002dde        0x2 
 .text.HAL_UART_Transmit_DMA
                0x0000000008002de0       0xe0 ./Drivers/STM32F1xx_HAL_Driver/Src/stm32f1xx_hal_uart.o
                0x0000000008002de0                HAL_UART_Transmit_DMA
 .text.HAL_UART_Receive_DMA
                0x0000000008002ec0       0x4a ./Drivers/STM32F1xx_HAL_Driver/Src/stm32f1xx_hal_uart.o
                0x0000000008002ec0                HAL_UART_Receive_DMA
 .text.HAL_UART_AbortReceive
                0x0000000008002f0a      0x146 ./Drivers/STM32F1xx_HAL_Driver/Src/stm32f1xx_hal_uart.o
                0x0000000008002f0a                HAL_UART_AbortReceive
 .text.HAL_UART_IRQHandler
                0x0000000008003050      0x524 ./Drivers/STM32F1xx_HAL_Driver/Src/stm32f1xx_hal_uart.o
                0x0000000008003050                HAL_UART_IRQHandler
 .text.HAL_UART_TxHalfCpltCallback
                0x0000000008003574       0x12 ./Drivers/STM32F1xx_HAL_Driver/Src/stm32f1xx_hal_uart.o
                0x0000000008003574                HAL_UART_TxHalfCpltCallback
 .text.HAL_UART_RxHalfCpltCallback
                0x0000000008003586       0x12 ./Drivers/STM32F1xx_HAL_Driver/Src/stm32f1xx_hal_uart.o
                0x0000000008003586                HAL_UART_RxHalfCpltCallback
 .text.HAL_UART_ErrorCallback
                0x0000000008003598       0x12 ./Drivers/STM32F1xx_HAL_Driver/Src/stm32f1xx_hal_uart.o
                0x0000000008003598                HAL_UART_ErrorCallback
 .text.HAL_UARTEx_RxEventCallback
                0x00000000080035aa       0x16 ./Drivers/STM32F1xx_HAL_Driver/Src/stm32f1xx_hal_uart.o
                0x00000000080035aa                HAL_UARTEx_RxEventCallback
 .text.UART_DMATransmitCplt
                0x00000000080035c0       0x9a ./Drivers/STM32F1xx_HAL_Driver/Src/stm32f1xx_hal_uart.o
 .text.UART_DMATxHalfCplt
                0x000000000800365a       0x1c ./Drivers/STM32F1xx_HAL_Driver/Src/stm32f1xx_hal_uart.o
 .text.UART_DMAReceiveCplt
                0x0000000008003676      0x12c ./Drivers/STM32F1xx_HAL_Driver/Src/stm32f1xx_hal_uart.o
 .text.UART_DMARxHalfCplt
                0x00000000080037a2       0x3c ./Drivers/STM32F1xx_HAL_Driver/Src/stm32f1xx_hal_uart.o
 .text.UART_DMAError
                0x00000000080037de       0x94 ./Drivers/STM32F1xx_HAL_Driver/Src/stm32f1xx_hal_uart.o
 .text.UART_WaitOnFlagUntilTimeout
                0x0000000008003872       0xdc ./Drivers/STM32F1xx_HAL_Driver/Src/stm32f1xx_hal_uart.o
 *fill*         0x000000000800394e        0x2 
 .text.UART_Start_Receive_DMA
                0x0000000008003950      0x134 ./Drivers/STM32F1xx_HAL_Driver/Src/stm32f1xx_hal_uart.o
                0x0000000008003950                UART_Start_Receive_DMA
 .text.UART_EndTxTransfer
                0x0000000008003a84       0x4e ./Drivers/STM32F1xx_HAL_Driver/Src/stm32f1xx_hal_uart.o
 .text.UART_EndRxTransfer
                0x0000000008003ad2       0xc4 ./Drivers/STM32F1xx_HAL_Driver/Src/stm32f1xx_hal_uart.o
 .text.UART_DMAAbortOnError
                0x0000000008003b96       0x28 ./Drivers/STM32F1xx_HAL_Driver/Src/stm32f1xx_hal_uart.o
 .text.UART_Transmit_IT
                0x0000000008003bbe       0x9e ./Drivers/STM32F1xx_HAL_Driver/Src/stm32f1xx_hal_uart.o
 .text.UART_EndTransmit_IT
                0x0000000008003c5c       0x30 ./Drivers/STM32F1xx_HAL_Driver/Src/stm32f1xx_hal_uart.o
 .text.UART_Receive_IT
                0x0000000008003c8c      0x17c ./Drivers/STM32F1xx_HAL_Driver/Src/stm32f1xx_hal_uart.o
 .text.UART_SetConfig
                0x0000000008003e08      0x11c ./Drivers/STM32F1xx_HAL_Driver/Src/stm32f1xx_hal_uart.o
 .text.osKernelInitialize
                0x0000000008003f24       0x64 ./Middlewares/Third_Party/FreeRTOS/Source/CMSIS_RTOS_V2/cmsis_os2.o
                0x0000000008003f24                osKernelInitialize
 .text.osKernelStart
                0x0000000008003f88       0x68 ./Middlewares/Third_Party/FreeRTOS/Source/CMSIS_RTOS_V2/cmsis_os2.o
                0x0000000008003f88                osKernelStart
 .text.osThreadNew
                0x0000000008003ff0      0x154 ./Middlewares/Third_Party/FreeRTOS/Source/CMSIS_RTOS_V2/cmsis_os2.o
                0x0000000008003ff0                osThreadNew
 .text.osDelay  0x0000000008004144       0x5c ./Middlewares/Third_Party/FreeRTOS/Source/CMSIS_RTOS_V2/cmsis_os2.o
                0x0000000008004144                osDelay
 .text.osEventFlagsNew
                0x00000000080041a0       0xa4 ./Middlewares/Third_Party/FreeRTOS/Source/CMSIS_RTOS_V2/cmsis_os2.o
                0x00000000080041a0                osEventFlagsNew
 .text.osEventFlagsSet
                0x0000000008004244       0xb0 ./Middlewares/Third_Party/FreeRTOS/Source/CMSIS_RTOS_V2/cmsis_os2.o
                0x0000000008004244                osEventFlagsSet
 .text.osEventFlagsWait
                0x00000000080042f4       0xec ./Middlewares/Third_Party/FreeRTOS/Source/CMSIS_RTOS_V2/cmsis_os2.o
                0x00000000080042f4                osEventFlagsWait
 .text.vApplicationGetIdleTaskMemory
                0x00000000080043e0       0x30 ./Middlewares/Third_Party/FreeRTOS/Source/CMSIS_RTOS_V2/cmsis_os2.o
                0x00000000080043e0                vApplicationGetIdleTaskMemory
 .text.vApplicationGetTimerTaskMemory
                0x0000000008004410       0x34 ./Middlewares/Third_Party/FreeRTOS/Source/CMSIS_RTOS_V2/cmsis_os2.o
                0x0000000008004410                vApplicationGetTimerTaskMemory
 .text.xEventGroupCreateStatic
                0x0000000008004444       0x6e ./Middlewares/Third_Party/FreeRTOS/Source/event_groups.o
                0x0000000008004444                xEventGroupCreateStatic
 .text.xEventGroupCreate
                0x00000000080044b2       0x34 ./Middlewares/Third_Party/FreeRTOS/Source/event_groups.o
                0x00000000080044b2                xEventGroupCreate
 *fill*         0x00000000080044e6        0x2 
 .text.xEventGroupWaitBits
                0x00000000080044e8      0x19c ./Middlewares/Third_Party/FreeRTOS/Source/event_groups.o
                0x00000000080044e8                xEventGroupWaitBits
 .text.xEventGroupSetBits
                0x0000000008004684      0x116 ./Middlewares/Third_Party/FreeRTOS/Source/event_groups.o
                0x0000000008004684                xEventGroupSetBits
 .text.vEventGroupSetBitsCallback
                0x000000000800479a       0x1a ./Middlewares/Third_Party/FreeRTOS/Source/event_groups.o
                0x000000000800479a                vEventGroupSetBitsCallback
 .text.prvTestWaitCondition
                0x00000000080047b4       0x42 ./Middlewares/Third_Party/FreeRTOS/Source/event_groups.o
 *fill*         0x00000000080047f6        0x2 
 .text.xEventGroupSetBitsFromISR
                0x00000000080047f8       0x28 ./Middlewares/Third_Party/FreeRTOS/Source/event_groups.o
                0x00000000080047f8                xEventGroupSetBitsFromISR
 .text.vListInitialise
                0x0000000008004820       0x3e ./Middlewares/Third_Party/FreeRTOS/Source/list.o
                0x0000000008004820                vListInitialise
 .text.vListInitialiseItem
                0x000000000800485e       0x18 ./Middlewares/Third_Party/FreeRTOS/Source/list.o
                0x000000000800485e                vListInitialiseItem
 .text.vListInsertEnd
                0x0000000008004876       0x46 ./Middlewares/Third_Party/FreeRTOS/Source/list.o
                0x0000000008004876                vListInsertEnd
 .text.vListInsert
                0x00000000080048bc       0x70 ./Middlewares/Third_Party/FreeRTOS/Source/list.o
                0x00000000080048bc                vListInsert
 .text.uxListRemove
                0x000000000800492c       0x52 ./Middlewares/Third_Party/FreeRTOS/Source/list.o
                0x000000000800492c                uxListRemove
 *fill*         0x000000000800497e        0x2 
 .text.xQueueGenericReset
                0x0000000008004980       0xd0 ./Middlewares/Third_Party/FreeRTOS/Source/queue.o
                0x0000000008004980                xQueueGenericReset
 .text.xQueueGenericCreateStatic
                0x0000000008004a50       0xee ./Middlewares/Third_Party/FreeRTOS/Source/queue.o
                0x0000000008004a50                xQueueGenericCreateStatic
 .text.prvInitialiseNewQueue
                0x0000000008004b3e       0x46 ./Middlewares/Third_Party/FreeRTOS/Source/queue.o
 .text.xQueueGenericSend
                0x0000000008004b84      0x1fc ./Middlewares/Third_Party/FreeRTOS/Source/queue.o
                0x0000000008004b84                xQueueGenericSend
 .text.xQueueGenericSendFromISR
                0x0000000008004d80      0x130 ./Middlewares/Third_Party/FreeRTOS/Source/queue.o
                0x0000000008004d80                xQueueGenericSendFromISR
 .text.xQueueReceive
                0x0000000008004eb0      0x1c0 ./Middlewares/Third_Party/FreeRTOS/Source/queue.o
                0x0000000008004eb0                xQueueReceive
 .text.prvCopyDataToQueue
                0x0000000008005070       0xd4 ./Middlewares/Third_Party/FreeRTOS/Source/queue.o
 .text.prvCopyDataFromQueue
                0x0000000008005144       0x4c ./Middlewares/Third_Party/FreeRTOS/Source/queue.o
 .text.prvUnlockQueue
                0x0000000008005190       0xa4 ./Middlewares/Third_Party/FreeRTOS/Source/queue.o
 .text.prvIsQueueEmpty
                0x0000000008005234       0x2c ./Middlewares/Third_Party/FreeRTOS/Source/queue.o
 .text.prvIsQueueFull
                0x0000000008005260       0x30 ./Middlewares/Third_Party/FreeRTOS/Source/queue.o
 .text.vQueueAddToRegistry
                0x0000000008005290       0x50 ./Middlewares/Third_Party/FreeRTOS/Source/queue.o
                0x0000000008005290                vQueueAddToRegistry
 .text.vQueueWaitForMessageRestricted
                0x00000000080052e0       0x68 ./Middlewares/Third_Party/FreeRTOS/Source/queue.o
                0x00000000080052e0                vQueueWaitForMessageRestricted
 .text.xTaskCreateStatic
                0x0000000008005348       0xb8 ./Middlewares/Third_Party/FreeRTOS/Source/tasks.o
                0x0000000008005348                xTaskCreateStatic
 .text.xTaskCreate
                0x0000000008005400       0x8a ./Middlewares/Third_Party/FreeRTOS/Source/tasks.o
                0x0000000008005400                xTaskCreate
 *fill*         0x000000000800548a        0x2 
 .text.prvInitialiseNewTask
                0x000000000800548c      0x13c ./Middlewares/Third_Party/FreeRTOS/Source/tasks.o
 .text.prvAddNewTaskToReadyList
                0x00000000080055c8       0xe0 ./Middlewares/Third_Party/FreeRTOS/Source/tasks.o
 .text.vTaskDelay
                0x00000000080056a8       0x68 ./Middlewares/Third_Party/FreeRTOS/Source/tasks.o
                0x00000000080056a8                vTaskDelay
 .text.vTaskStartScheduler
                0x0000000008005710       0xe0 ./Middlewares/Third_Party/FreeRTOS/Source/tasks.o
                0x0000000008005710                vTaskStartScheduler
 .text.vTaskSuspendAll
                0x00000000080057f0       0x1c ./Middlewares/Third_Party/FreeRTOS/Source/tasks.o
                0x00000000080057f0                vTaskSuspendAll
 .text.xTaskResumeAll
                0x000000000800580c      0x13c ./Middlewares/Third_Party/FreeRTOS/Source/tasks.o
                0x000000000800580c                xTaskResumeAll
 .text.xTaskGetTickCount
                0x0000000008005948       0x1c ./Middlewares/Third_Party/FreeRTOS/Source/tasks.o
                0x0000000008005948                xTaskGetTickCount
 .text.xTaskIncrementTick
                0x0000000008005964      0x17c ./Middlewares/Third_Party/FreeRTOS/Source/tasks.o
                0x0000000008005964                xTaskIncrementTick
 .text.vTaskSwitchContext
                0x0000000008005ae0       0xc8 ./Middlewares/Third_Party/FreeRTOS/Source/tasks.o
                0x0000000008005ae0                vTaskSwitchContext
 .text.vTaskPlaceOnEventList
                0x0000000008005ba8       0x48 ./Middlewares/Third_Party/FreeRTOS/Source/tasks.o
                0x0000000008005ba8                vTaskPlaceOnEventList
 .text.vTaskPlaceOnUnorderedEventList
                0x0000000008005bf0       0x78 ./Middlewares/Third_Party/FreeRTOS/Source/tasks.o
                0x0000000008005bf0                vTaskPlaceOnUnorderedEventList
 .text.vTaskPlaceOnEventListRestricted
                0x0000000008005c68       0x58 ./Middlewares/Third_Party/FreeRTOS/Source/tasks.o
                0x0000000008005c68                vTaskPlaceOnEventListRestricted
 .text.xTaskRemoveFromEventList
                0x0000000008005cc0       0xc8 ./Middlewares/Third_Party/FreeRTOS/Source/tasks.o
                0x0000000008005cc0                xTaskRemoveFromEventList
 .text.vTaskRemoveFromUnorderedEventList
                0x0000000008005d88       0xc4 ./Middlewares/Third_Party/FreeRTOS/Source/tasks.o
                0x0000000008005d88                vTaskRemoveFromUnorderedEventList
 .text.vTaskInternalSetTimeOutState
                0x0000000008005e4c       0x2c ./Middlewares/Third_Party/FreeRTOS/Source/tasks.o
                0x0000000008005e4c                vTaskInternalSetTimeOutState
 .text.xTaskCheckForTimeOut
                0x0000000008005e78       0xc4 ./Middlewares/Third_Party/FreeRTOS/Source/tasks.o
                0x0000000008005e78                xTaskCheckForTimeOut
 .text.vTaskMissedYield
                0x0000000008005f3c       0x18 ./Middlewares/Third_Party/FreeRTOS/Source/tasks.o
                0x0000000008005f3c                vTaskMissedYield
 .text.prvIdleTask
                0x0000000008005f54       0x30 ./Middlewares/Third_Party/FreeRTOS/Source/tasks.o
 .text.prvInitialiseTaskLists
                0x0000000008005f84       0x80 ./Middlewares/Third_Party/FreeRTOS/Source/tasks.o
 .text.prvCheckTasksWaitingTermination
                0x0000000008006004       0x5c ./Middlewares/Third_Party/FreeRTOS/Source/tasks.o
 .text.prvDeleteTCB
                0x0000000008006060       0x68 ./Middlewares/Third_Party/FreeRTOS/Source/tasks.o
 .text.prvResetNextTaskUnblockTime
                0x00000000080060c8       0x48 ./Middlewares/Third_Party/FreeRTOS/Source/tasks.o
 .text.xTaskGetSchedulerState
                0x0000000008006110       0x3c ./Middlewares/Third_Party/FreeRTOS/Source/tasks.o
                0x0000000008006110                xTaskGetSchedulerState
 .text.xTaskPriorityDisinherit
                0x000000000800614c       0xdc ./Middlewares/Third_Party/FreeRTOS/Source/tasks.o
                0x000000000800614c                xTaskPriorityDisinherit
 .text.uxTaskResetEventItemValue
                0x0000000008006228       0x30 ./Middlewares/Third_Party/FreeRTOS/Source/tasks.o
                0x0000000008006228                uxTaskResetEventItemValue
 .text.prvAddCurrentTaskToDelayedList
                0x0000000008006258       0xa8 ./Middlewares/Third_Party/FreeRTOS/Source/tasks.o
 .text.xTimerCreateTimerTask
                0x0000000008006300       0x90 ./Middlewares/Third_Party/FreeRTOS/Source/timers.o
                0x0000000008006300                xTimerCreateTimerTask
 .text.xTimerGenericCommand
                0x0000000008006390       0x9c ./Middlewares/Third_Party/FreeRTOS/Source/timers.o
                0x0000000008006390                xTimerGenericCommand
 .text.prvProcessExpiredTimer
                0x000000000800642c       0x80 ./Middlewares/Third_Party/FreeRTOS/Source/timers.o
 .text.prvTimerTask
                0x00000000080064ac       0x24 ./Middlewares/Third_Party/FreeRTOS/Source/timers.o
 .text.prvProcessTimerOrBlockTask
                0x00000000080064d0       0x9c ./Middlewares/Third_Party/FreeRTOS/Source/timers.o
 .text.prvGetNextExpireTime
                0x000000000800656c       0x48 ./Middlewares/Third_Party/FreeRTOS/Source/timers.o
 .text.prvSampleTimeNow
                0x00000000080065b4       0x40 ./Middlewares/Third_Party/FreeRTOS/Source/timers.o
 .text.prvInsertTimerInActiveList
                0x00000000080065f4       0x84 ./Middlewares/Third_Party/FreeRTOS/Source/timers.o
 .text.prvProcessReceivedCommands
                0x0000000008006678      0x168 ./Middlewares/Third_Party/FreeRTOS/Source/timers.o
 .text.prvSwitchTimerLists
                0x00000000080067e0       0xc4 ./Middlewares/Third_Party/FreeRTOS/Source/timers.o
 .text.prvCheckForValidListAndQueue
                0x00000000080068a4       0x80 ./Middlewares/Third_Party/FreeRTOS/Source/timers.o
 .text.xTimerPendFunctionCallFromISR
                0x0000000008006924       0x40 ./Middlewares/Third_Party/FreeRTOS/Source/timers.o
                0x0000000008006924                xTimerPendFunctionCallFromISR
 .text.pxPortInitialiseStack
                0x0000000008006964       0x58 ./Middlewares/Third_Party/FreeRTOS/Source/portable/GCC/ARM_CM3/port.o
                0x0000000008006964                pxPortInitialiseStack
 .text.prvTaskExitError
                0x00000000080069bc       0x58 ./Middlewares/Third_Party/FreeRTOS/Source/portable/GCC/ARM_CM3/port.o
 *fill*         0x0000000008006a14        0xc 
 .text.SVC_Handler
                0x0000000008006a20       0x28 ./Middlewares/Third_Party/FreeRTOS/Source/portable/GCC/ARM_CM3/port.o
                0x0000000008006a20                SVC_Handler
 .text.prvPortStartFirstTask
                0x0000000008006a48       0x20 ./Middlewares/Third_Party/FreeRTOS/Source/portable/GCC/ARM_CM3/port.o
 .text.xPortStartScheduler
                0x0000000008006a68       0xe4 ./Middlewares/Third_Party/FreeRTOS/Source/portable/GCC/ARM_CM3/port.o
                0x0000000008006a68                xPortStartScheduler
 .text.vPortEnterCritical
                0x0000000008006b4c       0x60 ./Middlewares/Third_Party/FreeRTOS/Source/portable/GCC/ARM_CM3/port.o
                0x0000000008006b4c                vPortEnterCritical
 .text.vPortExitCritical
                0x0000000008006bac       0x50 ./Middlewares/Third_Party/FreeRTOS/Source/portable/GCC/ARM_CM3/port.o
                0x0000000008006bac                vPortExitCritical
 *fill*         0x0000000008006bfc        0x4 
 .text.PendSV_Handler
                0x0000000008006c00       0x48 ./Middlewares/Third_Party/FreeRTOS/Source/portable/GCC/ARM_CM3/port.o
                0x0000000008006c00                PendSV_Handler
 .text.xPortSysTickHandler
                0x0000000008006c48       0x44 ./Middlewares/Third_Party/FreeRTOS/Source/portable/GCC/ARM_CM3/port.o
                0x0000000008006c48                xPortSysTickHandler
 .text.vPortSetupTimerInterrupt
                0x0000000008006c8c       0x44 ./Middlewares/Third_Party/FreeRTOS/Source/portable/GCC/ARM_CM3/port.o
                0x0000000008006c8c                vPortSetupTimerInterrupt
 .text.vPortValidateInterruptPriority
                0x0000000008006cd0       0x7c ./Middlewares/Third_Party/FreeRTOS/Source/portable/GCC/ARM_CM3/port.o
                0x0000000008006cd0                vPortValidateInterruptPriority
 .text.pvPortMalloc
                0x0000000008006d4c      0x188 ./Middlewares/Third_Party/FreeRTOS/Source/portable/MemMang/heap_4.o
                0x0000000008006d4c                pvPortMalloc
 .text.vPortFree
                0x0000000008006ed4       0xb4 ./Middlewares/Third_Party/FreeRTOS/Source/portable/MemMang/heap_4.o
                0x0000000008006ed4                vPortFree
 .text.prvHeapInit
                0x0000000008006f88       0xc4 ./Middlewares/Third_Party/FreeRTOS/Source/portable/MemMang/heap_4.o
 .text.prvInsertBlockIntoFreeList
                0x000000000800704c       0xb0 ./Middlewares/Third_Party/FreeRTOS/Source/portable/MemMang/heap_4.o
 .text.__libc_init_array
                0x00000000080070fc       0x48 /Applications/STM32CubeIDE.app/Contents/Eclipse/plugins/com.st.stm32cube.ide.mcu.externaltools.gnu-tools-for-stm32.10.3-2021.10.macos64_1.0.200.202301161003/tools/bin/../lib/gcc/arm-none-eabi/10.3.1/../../../../arm-none-eabi/lib/thumb/v7-m/nofp/libc_nano.a(lib_a-init.o)
                0x00000000080070fc                __libc_init_array
 .text.__retarget_lock_acquire_recursive
                0x0000000008007144        0x2 /Applications/STM32CubeIDE.app/Contents/Eclipse/plugins/com.st.stm32cube.ide.mcu.externaltools.gnu-tools-for-stm32.10.3-2021.10.macos64_1.0.200.202301161003/tools/bin/../lib/gcc/arm-none-eabi/10.3.1/../../../../arm-none-eabi/lib/thumb/v7-m/nofp/libc_nano.a(lib_a-lock.o)
                0x0000000008007144                __retarget_lock_acquire_recursive
 .text.__retarget_lock_release_recursive
                0x0000000008007146        0x2 /Applications/STM32CubeIDE.app/Contents/Eclipse/plugins/com.st.stm32cube.ide.mcu.externaltools.gnu-tools-for-stm32.10.3-2021.10.macos64_1.0.200.202301161003/tools/bin/../lib/gcc/arm-none-eabi/10.3.1/../../../../arm-none-eabi/lib/thumb/v7-m/nofp/libc_nano.a(lib_a-lock.o)
                0x0000000008007146                __retarget_lock_release_recursive
 .text.memcpy   0x0000000008007148       0x1c /Applications/STM32CubeIDE.app/Contents/Eclipse/plugins/com.st.stm32cube.ide.mcu.externaltools.gnu-tools-for-stm32.10.3-2021.10.macos64_1.0.200.202301161003/tools/bin/../lib/gcc/arm-none-eabi/10.3.1/../../../../arm-none-eabi/lib/thumb/v7-m/nofp/libc_nano.a(lib_a-memcpy-stub.o)
                0x0000000008007148                memcpy
 .text.memset   0x0000000008007164       0x10 /Applications/STM32CubeIDE.app/Contents/Eclipse/plugins/com.st.stm32cube.ide.mcu.externaltools.gnu-tools-for-stm32.10.3-2021.10.macos64_1.0.200.202301161003/tools/bin/../lib/gcc/arm-none-eabi/10.3.1/../../../../arm-none-eabi/lib/thumb/v7-m/nofp/libc_nano.a(lib_a-memset.o)
                0x0000000008007164                memset
 .text.cleanup_glue
                0x0000000008007174       0x1a /Applications/STM32CubeIDE.app/Contents/Eclipse/plugins/com.st.stm32cube.ide.mcu.externaltools.gnu-tools-for-stm32.10.3-2021.10.macos64_1.0.200.202301161003/tools/bin/../lib/gcc/arm-none-eabi/10.3.1/../../../../arm-none-eabi/lib/thumb/v7-m/nofp/libc_nano.a(lib_a-reent.o)
                0x0000000008007174                cleanup_glue
 *fill*         0x000000000800718e        0x2 
 .text._reclaim_reent
                0x0000000008007190       0xb8 /Applications/STM32CubeIDE.app/Contents/Eclipse/plugins/com.st.stm32cube.ide.mcu.externaltools.gnu-tools-for-stm32.10.3-2021.10.macos64_1.0.200.202301161003/tools/bin/../lib/gcc/arm-none-eabi/10.3.1/../../../../arm-none-eabi/lib/thumb/v7-m/nofp/libc_nano.a(lib_a-reent.o)
                0x0000000008007190                _reclaim_reent
 .text.__malloc_lock
                0x0000000008007248        0xc /Applications/STM32CubeIDE.app/Contents/Eclipse/plugins/com.st.stm32cube.ide.mcu.externaltools.gnu-tools-for-stm32.10.3-2021.10.macos64_1.0.200.202301161003/tools/bin/../lib/gcc/arm-none-eabi/10.3.1/../../../../arm-none-eabi/lib/thumb/v7-m/nofp/libc_nano.a(lib_a-mlock.o)
                0x0000000008007248                __malloc_lock
 .text.__malloc_unlock
                0x0000000008007254        0xc /Applications/STM32CubeIDE.app/Contents/Eclipse/plugins/com.st.stm32cube.ide.mcu.externaltools.gnu-tools-for-stm32.10.3-2021.10.macos64_1.0.200.202301161003/tools/bin/../lib/gcc/arm-none-eabi/10.3.1/../../../../arm-none-eabi/lib/thumb/v7-m/nofp/libc_nano.a(lib_a-mlock.o)
                0x0000000008007254                __malloc_unlock
 .text._free_r  0x0000000008007260       0x90 /Applications/STM32CubeIDE.app/Contents/Eclipse/plugins/com.st.stm32cube.ide.mcu.externaltools.gnu-tools-for-stm32.10.3-2021.10.macos64_1.0.200.202301161003/tools/bin/../lib/gcc/arm-none-eabi/10.3.1/../../../../arm-none-eabi/lib/thumb/v7-m/nofp/libc_nano.a(lib_a-nano-freer.o)
                0x0000000008007260                _free_r
 *(.glue_7)
 .glue_7        0x00000000080072f0        0x0 linker stubs
 *(.glue_7t)
 .glue_7t       0x00000000080072f0        0x0 linker stubs
 *(.eh_frame)
 .eh_frame      0x00000000080072f0        0x0 /Applications/STM32CubeIDE.app/Contents/Eclipse/plugins/com.st.stm32cube.ide.mcu.externaltools.gnu-tools-for-stm32.10.3-2021.10.macos64_1.0.200.202301161003/tools/bin/../lib/gcc/arm-none-eabi/10.3.1/thumb/v7-m/nofp/crtbegin.o
 *(.init)
 .init          0x00000000080072f0        0x4 /Applications/STM32CubeIDE.app/Contents/Eclipse/plugins/com.st.stm32cube.ide.mcu.externaltools.gnu-tools-for-stm32.10.3-2021.10.macos64_1.0.200.202301161003/tools/bin/../lib/gcc/arm-none-eabi/10.3.1/thumb/v7-m/nofp/crti.o
                0x00000000080072f0                _init
 .init          0x00000000080072f4        0x8 /Applications/STM32CubeIDE.app/Contents/Eclipse/plugins/com.st.stm32cube.ide.mcu.externaltools.gnu-tools-for-stm32.10.3-2021.10.macos64_1.0.200.202301161003/tools/bin/../lib/gcc/arm-none-eabi/10.3.1/thumb/v7-m/nofp/crtn.o
 *(.fini)
 .fini          0x00000000080072fc        0x4 /Applications/STM32CubeIDE.app/Contents/Eclipse/plugins/com.st.stm32cube.ide.mcu.externaltools.gnu-tools-for-stm32.10.3-2021.10.macos64_1.0.200.202301161003/tools/bin/../lib/gcc/arm-none-eabi/10.3.1/thumb/v7-m/nofp/crti.o
                0x00000000080072fc                _fini
 .fini          0x0000000008007300        0x8 /Applications/STM32CubeIDE.app/Contents/Eclipse/plugins/com.st.stm32cube.ide.mcu.externaltools.gnu-tools-for-stm32.10.3-2021.10.macos64_1.0.200.202301161003/tools/bin/../lib/gcc/arm-none-eabi/10.3.1/thumb/v7-m/nofp/crtn.o
                0x0000000008007308                . = ALIGN (0x4)
                0x0000000008007308                _etext = .

.vfp11_veneer   0x0000000008007308        0x0
 .vfp11_veneer  0x0000000008007308        0x0 linker stubs

.v4_bx          0x0000000008007308        0x0
 .v4_bx         0x0000000008007308        0x0 linker stubs

.iplt           0x0000000008007308        0x0
 .iplt          0x0000000008007308        0x0 /Applications/STM32CubeIDE.app/Contents/Eclipse/plugins/com.st.stm32cube.ide.mcu.externaltools.gnu-tools-for-stm32.10.3-2021.10.macos64_1.0.200.202301161003/tools/bin/../lib/gcc/arm-none-eabi/10.3.1/thumb/v7-m/nofp/crtbegin.o

.rodata         0x0000000008007308      0x154
                0x0000000008007308                . = ALIGN (0x4)
 *(.rodata)
 .rodata        0x0000000008007308       0x31 ./Core/Src/freertos.o
 *fill*         0x0000000008007339        0x3 
 .rodata        0x000000000800733c        0x5 ./Middlewares/Third_Party/FreeRTOS/Source/tasks.o
 *fill*         0x0000000008007341        0x3 
 .rodata        0x0000000008007344        0xd ./Middlewares/Third_Party/FreeRTOS/Source/timers.o
 *(.rodata*)
 *fill*         0x0000000008007351        0x3 
 .rodata.defaultTask_attributes
                0x0000000008007354       0x24 ./Core/Src/freertos.o
                0x0000000008007354                defaultTask_attributes
 .rodata.communication_attributes
                0x0000000008007378       0x24 ./Core/Src/freertos.o
                0x0000000008007378                communication_attributes
 .rodata.buttonsRead_attributes
                0x000000000800739c       0x24 ./Core/Src/freertos.o
                0x000000000800739c                buttonsRead_attributes
 .rodata.received_attributes
                0x00000000080073c0       0x10 ./Core/Src/freertos.o
                0x00000000080073c0                received_attributes
 .rodata.AHBPrescTable
                0x00000000080073d0       0x10 ./Core/Src/system_stm32f1xx.o
                0x00000000080073d0                AHBPrescTable
 .rodata.APBPrescTable
                0x00000000080073e0        0x8 ./Core/Src/system_stm32f1xx.o
                0x00000000080073e0                APBPrescTable
 .rodata.aPLLMULFactorTable.1
                0x00000000080073e8       0x10 ./Drivers/STM32F1xx_HAL_Driver/Src/stm32f1xx_hal_rcc.o
 .rodata.aPredivFactorTable.0
                0x00000000080073f8        0x2 ./Drivers/STM32F1xx_HAL_Driver/Src/stm32f1xx_hal_rcc.o
 *fill*         0x00000000080073fa        0x2 
 .rodata.__sf_fake_stderr
                0x00000000080073fc       0x20 /Applications/STM32CubeIDE.app/Contents/Eclipse/plugins/com.st.stm32cube.ide.mcu.externaltools.gnu-tools-for-stm32.10.3-2021.10.macos64_1.0.200.202301161003/tools/bin/../lib/gcc/arm-none-eabi/10.3.1/../../../../arm-none-eabi/lib/thumb/v7-m/nofp/libc_nano.a(lib_a-findfp.o)
                0x00000000080073fc                __sf_fake_stderr
 .rodata.__sf_fake_stdin
                0x000000000800741c       0x20 /Applications/STM32CubeIDE.app/Contents/Eclipse/plugins/com.st.stm32cube.ide.mcu.externaltools.gnu-tools-for-stm32.10.3-2021.10.macos64_1.0.200.202301161003/tools/bin/../lib/gcc/arm-none-eabi/10.3.1/../../../../arm-none-eabi/lib/thumb/v7-m/nofp/libc_nano.a(lib_a-findfp.o)
                0x000000000800741c                __sf_fake_stdin
 .rodata.__sf_fake_stdout
                0x000000000800743c       0x20 /Applications/STM32CubeIDE.app/Contents/Eclipse/plugins/com.st.stm32cube.ide.mcu.externaltools.gnu-tools-for-stm32.10.3-2021.10.macos64_1.0.200.202301161003/tools/bin/../lib/gcc/arm-none-eabi/10.3.1/../../../../arm-none-eabi/lib/thumb/v7-m/nofp/libc_nano.a(lib_a-findfp.o)
                0x000000000800743c                __sf_fake_stdout
                0x000000000800745c                . = ALIGN (0x4)

.rel.dyn        0x000000000800745c        0x0
 .rel.iplt      0x000000000800745c        0x0 /Applications/STM32CubeIDE.app/Contents/Eclipse/plugins/com.st.stm32cube.ide.mcu.externaltools.gnu-tools-for-stm32.10.3-2021.10.macos64_1.0.200.202301161003/tools/bin/../lib/gcc/arm-none-eabi/10.3.1/thumb/v7-m/nofp/crtbegin.o

.ARM.extab      0x000000000800745c        0x0
                0x000000000800745c                . = ALIGN (0x4)
 *(.ARM.extab* .gnu.linkonce.armextab.*)
                0x000000000800745c                . = ALIGN (0x4)

.ARM            0x000000000800745c        0x0
                0x000000000800745c                . = ALIGN (0x4)
                0x000000000800745c                __exidx_start = .
 *(.ARM.exidx*)
                0x000000000800745c                __exidx_end = .
                0x000000000800745c                . = ALIGN (0x4)

.preinit_array  0x000000000800745c        0x0
                0x000000000800745c                . = ALIGN (0x4)
                0x000000000800745c                PROVIDE (__preinit_array_start = .)
 *(.preinit_array*)
                0x000000000800745c                PROVIDE (__preinit_array_end = .)
                0x000000000800745c                . = ALIGN (0x4)

.init_array     0x000000000800745c        0x4
                0x000000000800745c                . = ALIGN (0x4)
                0x000000000800745c                PROVIDE (__init_array_start = .)
 *(SORT_BY_NAME(.init_array.*))
 *(.init_array*)
 .init_array    0x000000000800745c        0x4 /Applications/STM32CubeIDE.app/Contents/Eclipse/plugins/com.st.stm32cube.ide.mcu.externaltools.gnu-tools-for-stm32.10.3-2021.10.macos64_1.0.200.202301161003/tools/bin/../lib/gcc/arm-none-eabi/10.3.1/thumb/v7-m/nofp/crtbegin.o
                0x0000000008007460                PROVIDE (__init_array_end = .)
                0x0000000008007460                . = ALIGN (0x4)

.fini_array     0x0000000008007460        0x4
                0x0000000008007460                . = ALIGN (0x4)
                [!provide]                        PROVIDE (__fini_array_start = .)
 *(SORT_BY_NAME(.fini_array.*))
 *(.fini_array*)
 .fini_array    0x0000000008007460        0x4 /Applications/STM32CubeIDE.app/Contents/Eclipse/plugins/com.st.stm32cube.ide.mcu.externaltools.gnu-tools-for-stm32.10.3-2021.10.macos64_1.0.200.202301161003/tools/bin/../lib/gcc/arm-none-eabi/10.3.1/thumb/v7-m/nofp/crtbegin.o
                [!provide]                        PROVIDE (__fini_array_end = .)
                0x0000000008007464                . = ALIGN (0x4)
                0x0000000008007464                _sidata = LOADADDR (.data)

.data           0x0000000020000000       0x98 load address 0x0000000008007464
                0x0000000020000000                . = ALIGN (0x4)
                0x0000000020000000                _sdata = .
 *(.data)
 *(.data*)
 .data.br_inc   0x0000000020000000        0x9 ./Core/Src/freertos.o
                0x0000000020000000                br_inc
 *fill*         0x0000000020000009        0x3 
 .data.br_dec   0x000000002000000c        0x9 ./Core/Src/freertos.o
                0x000000002000000c                br_dec
 *fill*         0x0000000020000015        0x3 
 .data.awb      0x0000000020000018        0x9 ./Core/Src/freertos.o
                0x0000000020000018                awb
 *fill*         0x0000000020000021        0x3 
 .data.SystemCoreClock
                0x0000000020000024        0x4 ./Core/Src/system_stm32f1xx.o
                0x0000000020000024                SystemCoreClock
 .data.uwTickPrio
                0x0000000020000028        0x4 ./Drivers/STM32F1xx_HAL_Driver/Src/stm32f1xx_hal.o
                0x0000000020000028                uwTickPrio
 .data.uwTickFreq
                0x000000002000002c        0x1 ./Drivers/STM32F1xx_HAL_Driver/Src/stm32f1xx_hal.o
                0x000000002000002c                uwTickFreq
 *fill*         0x000000002000002d        0x3 
 .data.uxCriticalNesting
                0x0000000020000030        0x4 ./Middlewares/Third_Party/FreeRTOS/Source/portable/GCC/ARM_CM3/port.o
 .data._impure_ptr
                0x0000000020000034        0x4 /Applications/STM32CubeIDE.app/Contents/Eclipse/plugins/com.st.stm32cube.ide.mcu.externaltools.gnu-tools-for-stm32.10.3-2021.10.macos64_1.0.200.202301161003/tools/bin/../lib/gcc/arm-none-eabi/10.3.1/../../../../arm-none-eabi/lib/thumb/v7-m/nofp/libc_nano.a(lib_a-impure.o)
                0x0000000020000034                _impure_ptr
 .data.impure_data
                0x0000000020000038       0x60 /Applications/STM32CubeIDE.app/Contents/Eclipse/plugins/com.st.stm32cube.ide.mcu.externaltools.gnu-tools-for-stm32.10.3-2021.10.macos64_1.0.200.202301161003/tools/bin/../lib/gcc/arm-none-eabi/10.3.1/../../../../arm-none-eabi/lib/thumb/v7-m/nofp/libc_nano.a(lib_a-impure.o)
 *(.RamFunc)
 *(.RamFunc*)
                0x0000000020000098                . = ALIGN (0x4)
                0x0000000020000098                _edata = .

.igot.plt       0x0000000020000098        0x0 load address 0x00000000080074fc
 .igot.plt      0x0000000020000098        0x0 /Applications/STM32CubeIDE.app/Contents/Eclipse/plugins/com.st.stm32cube.ide.mcu.externaltools.gnu-tools-for-stm32.10.3-2021.10.macos64_1.0.200.202301161003/tools/bin/../lib/gcc/arm-none-eabi/10.3.1/thumb/v7-m/nofp/crtbegin.o
                0x0000000020000098                . = ALIGN (0x4)

.bss            0x0000000020000098     0x3ae4 load address 0x00000000080074fc
                0x0000000020000098                _sbss = .
                0x0000000020000098                __bss_start__ = _sbss
 *(.bss)
 .bss           0x0000000020000098       0x1c /Applications/STM32CubeIDE.app/Contents/Eclipse/plugins/com.st.stm32cube.ide.mcu.externaltools.gnu-tools-for-stm32.10.3-2021.10.macos64_1.0.200.202301161003/tools/bin/../lib/gcc/arm-none-eabi/10.3.1/thumb/v7-m/nofp/crtbegin.o
 *(.bss*)
 .bss.op_data_RX
                0x00000000200000b4       0x14 ./Core/Src/freertos.o
                0x00000000200000b4                op_data_RX
 .bss.op_data_TX
                0x00000000200000c8       0x14 ./Core/Src/freertos.o
                0x00000000200000c8                op_data_TX
 .bss.cam_data_TX
                0x00000000200000dc       0x14 ./Core/Src/freertos.o
                0x00000000200000dc                cam_data_TX
 .bss.br_inc_old
                0x00000000200000f0        0x1 ./Core/Src/freertos.o
                0x00000000200000f0                br_inc_old
 .bss.br_dec_old
                0x00000000200000f1        0x1 ./Core/Src/freertos.o
                0x00000000200000f1                br_dec_old
 .bss.awb_old   0x00000000200000f2        0x1 ./Core/Src/freertos.o
                0x00000000200000f2                awb_old
 .bss.pos_f     0x00000000200000f3        0x1 ./Core/Src/freertos.o
                0x00000000200000f3                pos_f
 .bss.pos_z     0x00000000200000f4        0x1 ./Core/Src/freertos.o
                0x00000000200000f4                pos_z
 .bss.dir_f     0x00000000200000f5        0x1 ./Core/Src/freertos.o
                0x00000000200000f5                dir_f
 .bss.dir_z     0x00000000200000f6        0x1 ./Core/Src/freertos.o
                0x00000000200000f6                dir_z
 *fill*         0x00000000200000f7        0x1 
 .bss.contrast  0x00000000200000f8        0x2 ./Core/Src/freertos.o
                0x00000000200000f8                contrast
 .bss.old_contrast
                0x00000000200000fa        0x2 ./Core/Src/freertos.o
                0x00000000200000fa                old_contrast
 .bss.data      0x00000000200000fc     0x1f40 ./Core/Src/freertos.o
                0x00000000200000fc                data
 .bss.i         0x000000002000203c        0x2 ./Core/Src/freertos.o
                0x000000002000203c                i
 *fill*         0x000000002000203e        0x2 
 .bss.defaultTaskHandle
                0x0000000020002040        0x4 ./Core/Src/freertos.o
                0x0000000020002040                defaultTaskHandle
 .bss.communicationHandle
                0x0000000020002044        0x4 ./Core/Src/freertos.o
                0x0000000020002044                communicationHandle
 .bss.buttonsReadHandle
                0x0000000020002048        0x4 ./Core/Src/freertos.o
                0x0000000020002048                buttonsReadHandle
 .bss.receivedHandle
                0x000000002000204c        0x4 ./Core/Src/freertos.o
                0x000000002000204c                receivedHandle
 .bss.huart1    0x0000000020002050       0x48 ./Core/Src/usart.o
                0x0000000020002050                huart1
 .bss.huart3    0x0000000020002098       0x48 ./Core/Src/usart.o
                0x0000000020002098                huart3
 .bss.hdma_usart1_rx
                0x00000000200020e0       0x44 ./Core/Src/usart.o
                0x00000000200020e0                hdma_usart1_rx
 .bss.hdma_usart1_tx
                0x0000000020002124       0x44 ./Core/Src/usart.o
                0x0000000020002124                hdma_usart1_tx
 .bss.uwTick    0x0000000020002168        0x4 ./Drivers/STM32F1xx_HAL_Driver/Src/stm32f1xx_hal.o
                0x0000000020002168                uwTick
 .bss.KernelState
                0x000000002000216c        0x4 ./Middlewares/Third_Party/FreeRTOS/Source/CMSIS_RTOS_V2/cmsis_os2.o
 .bss.Idle_TCB  0x0000000020002170       0xbc ./Middlewares/Third_Party/FreeRTOS/Source/CMSIS_RTOS_V2/cmsis_os2.o
 .bss.Idle_Stack
                0x000000002000222c      0x200 ./Middlewares/Third_Party/FreeRTOS/Source/CMSIS_RTOS_V2/cmsis_os2.o
 .bss.Timer_TCB
                0x000000002000242c       0xbc ./Middlewares/Third_Party/FreeRTOS/Source/CMSIS_RTOS_V2/cmsis_os2.o
 .bss.Timer_Stack
                0x00000000200024e8      0x400 ./Middlewares/Third_Party/FreeRTOS/Source/CMSIS_RTOS_V2/cmsis_os2.o
 .bss.xQueueRegistry
                0x00000000200028e8       0x40 ./Middlewares/Third_Party/FreeRTOS/Source/queue.o
                0x00000000200028e8                xQueueRegistry
 .bss.pxCurrentTCB
                0x0000000020002928        0x4 ./Middlewares/Third_Party/FreeRTOS/Source/tasks.o
                0x0000000020002928                pxCurrentTCB
 .bss.pxReadyTasksLists
                0x000000002000292c      0x460 ./Middlewares/Third_Party/FreeRTOS/Source/tasks.o
 .bss.xDelayedTaskList1
                0x0000000020002d8c       0x14 ./Middlewares/Third_Party/FreeRTOS/Source/tasks.o
 .bss.xDelayedTaskList2
                0x0000000020002da0       0x14 ./Middlewares/Third_Party/FreeRTOS/Source/tasks.o
 .bss.pxDelayedTaskList
                0x0000000020002db4        0x4 ./Middlewares/Third_Party/FreeRTOS/Source/tasks.o
 .bss.pxOverflowDelayedTaskList
                0x0000000020002db8        0x4 ./Middlewares/Third_Party/FreeRTOS/Source/tasks.o
 .bss.xPendingReadyList
                0x0000000020002dbc       0x14 ./Middlewares/Third_Party/FreeRTOS/Source/tasks.o
 .bss.xTasksWaitingTermination
                0x0000000020002dd0       0x14 ./Middlewares/Third_Party/FreeRTOS/Source/tasks.o
 .bss.uxDeletedTasksWaitingCleanUp
                0x0000000020002de4        0x4 ./Middlewares/Third_Party/FreeRTOS/Source/tasks.o
 .bss.xSuspendedTaskList
                0x0000000020002de8       0x14 ./Middlewares/Third_Party/FreeRTOS/Source/tasks.o
 .bss.uxCurrentNumberOfTasks
                0x0000000020002dfc        0x4 ./Middlewares/Third_Party/FreeRTOS/Source/tasks.o
 .bss.xTickCount
                0x0000000020002e00        0x4 ./Middlewares/Third_Party/FreeRTOS/Source/tasks.o
 .bss.uxTopReadyPriority
                0x0000000020002e04        0x4 ./Middlewares/Third_Party/FreeRTOS/Source/tasks.o
 .bss.xSchedulerRunning
                0x0000000020002e08        0x4 ./Middlewares/Third_Party/FreeRTOS/Source/tasks.o
 .bss.uxPendedTicks
                0x0000000020002e0c        0x4 ./Middlewares/Third_Party/FreeRTOS/Source/tasks.o
 .bss.xYieldPending
                0x0000000020002e10        0x4 ./Middlewares/Third_Party/FreeRTOS/Source/tasks.o
 .bss.xNumOfOverflows
                0x0000000020002e14        0x4 ./Middlewares/Third_Party/FreeRTOS/Source/tasks.o
 .bss.uxTaskNumber
                0x0000000020002e18        0x4 ./Middlewares/Third_Party/FreeRTOS/Source/tasks.o
 .bss.xNextTaskUnblockTime
                0x0000000020002e1c        0x4 ./Middlewares/Third_Party/FreeRTOS/Source/tasks.o
 .bss.xIdleTaskHandle
                0x0000000020002e20        0x4 ./Middlewares/Third_Party/FreeRTOS/Source/tasks.o
 .bss.uxSchedulerSuspended
                0x0000000020002e24        0x4 ./Middlewares/Third_Party/FreeRTOS/Source/tasks.o
 .bss.xActiveTimerList1
                0x0000000020002e28       0x14 ./Middlewares/Third_Party/FreeRTOS/Source/timers.o
 .bss.xActiveTimerList2
                0x0000000020002e3c       0x14 ./Middlewares/Third_Party/FreeRTOS/Source/timers.o
 .bss.pxCurrentTimerList
                0x0000000020002e50        0x4 ./Middlewares/Third_Party/FreeRTOS/Source/timers.o
 .bss.pxOverflowTimerList
                0x0000000020002e54        0x4 ./Middlewares/Third_Party/FreeRTOS/Source/timers.o
 .bss.xTimerQueue
                0x0000000020002e58        0x4 ./Middlewares/Third_Party/FreeRTOS/Source/timers.o
 .bss.xTimerTaskHandle
                0x0000000020002e5c        0x4 ./Middlewares/Third_Party/FreeRTOS/Source/timers.o
 .bss.xLastTime.2
                0x0000000020002e60        0x4 ./Middlewares/Third_Party/FreeRTOS/Source/timers.o
 .bss.ucStaticTimerQueueStorage.1
                0x0000000020002e64       0xa0 ./Middlewares/Third_Party/FreeRTOS/Source/timers.o
 .bss.xStaticTimerQueue.0
                0x0000000020002f04       0x50 ./Middlewares/Third_Party/FreeRTOS/Source/timers.o
 .bss.ucMaxSysCallPriority
                0x0000000020002f54        0x1 ./Middlewares/Third_Party/FreeRTOS/Source/portable/GCC/ARM_CM3/port.o
 *fill*         0x0000000020002f55        0x3 
 .bss.ulMaxPRIGROUPValue
                0x0000000020002f58        0x4 ./Middlewares/Third_Party/FreeRTOS/Source/portable/GCC/ARM_CM3/port.o
 .bss.ucHeap    0x0000000020002f5c      0xc00 ./Middlewares/Third_Party/FreeRTOS/Source/portable/MemMang/heap_4.o
 .bss.xStart    0x0000000020003b5c        0x8 ./Middlewares/Third_Party/FreeRTOS/Source/portable/MemMang/heap_4.o
 .bss.pxEnd     0x0000000020003b64        0x4 ./Middlewares/Third_Party/FreeRTOS/Source/portable/MemMang/heap_4.o
 .bss.xFreeBytesRemaining
                0x0000000020003b68        0x4 ./Middlewares/Third_Party/FreeRTOS/Source/portable/MemMang/heap_4.o
 .bss.xMinimumEverFreeBytesRemaining
                0x0000000020003b6c        0x4 ./Middlewares/Third_Party/FreeRTOS/Source/portable/MemMang/heap_4.o
 .bss.xBlockAllocatedBit
                0x0000000020003b70        0x4 ./Middlewares/Third_Party/FreeRTOS/Source/portable/MemMang/heap_4.o
 .bss.__lock___malloc_recursive_mutex
                0x0000000020003b74        0x1 /Applications/STM32CubeIDE.app/Contents/Eclipse/plugins/com.st.stm32cube.ide.mcu.externaltools.gnu-tools-for-stm32.10.3-2021.10.macos64_1.0.200.202301161003/tools/bin/../lib/gcc/arm-none-eabi/10.3.1/../../../../arm-none-eabi/lib/thumb/v7-m/nofp/libc_nano.a(lib_a-lock.o)
                0x0000000020003b74                __lock___malloc_recursive_mutex
 *fill*         0x0000000020003b75        0x3 
 .bss.__malloc_free_list
                0x0000000020003b78        0x4 /Applications/STM32CubeIDE.app/Contents/Eclipse/plugins/com.st.stm32cube.ide.mcu.externaltools.gnu-tools-for-stm32.10.3-2021.10.macos64_1.0.200.202301161003/tools/bin/../lib/gcc/arm-none-eabi/10.3.1/../../../../arm-none-eabi/lib/thumb/v7-m/nofp/libc_nano.a(lib_a-nano-mallocr.o)
                0x0000000020003b78                __malloc_free_list
 *(COMMON)
                0x0000000020003b7c                . = ALIGN (0x4)
                0x0000000020003b7c                _ebss = .
                0x0000000020003b7c                __bss_end__ = _ebss

._user_heap_stack
                0x0000000020003b7c      0x604 load address 0x00000000080074fc
                0x0000000020003b80                . = ALIGN (0x8)
 *fill*         0x0000000020003b7c        0x4 
                [!provide]                        PROVIDE (end = .)
                0x0000000020003b80                PROVIDE (_end = .)
                0x0000000020003d80                . = (. + _Min_Heap_Size)
 *fill*         0x0000000020003b80      0x200 
                0x0000000020004180                . = (. + _Min_Stack_Size)
 *fill*         0x0000000020003d80      0x400 
                0x0000000020004180                . = ALIGN (0x8)

/DISCARD/
 libc.a(*)
 libm.a(*)
 libgcc.a(*)

.ARM.attributes
                0x0000000000000000       0x29
 *(.ARM.attributes)
 .ARM.attributes
                0x0000000000000000       0x1d /Applications/STM32CubeIDE.app/Contents/Eclipse/plugins/com.st.stm32cube.ide.mcu.externaltools.gnu-tools-for-stm32.10.3-2021.10.macos64_1.0.200.202301161003/tools/bin/../lib/gcc/arm-none-eabi/10.3.1/thumb/v7-m/nofp/crti.o
 .ARM.attributes
                0x000000000000001d       0x2d /Applications/STM32CubeIDE.app/Contents/Eclipse/plugins/com.st.stm32cube.ide.mcu.externaltools.gnu-tools-for-stm32.10.3-2021.10.macos64_1.0.200.202301161003/tools/bin/../lib/gcc/arm-none-eabi/10.3.1/thumb/v7-m/nofp/crtbegin.o
 .ARM.attributes
                0x000000000000004a       0x2d ./Core/Src/dma.o
 .ARM.attributes
                0x0000000000000077       0x2d ./Core/Src/freertos.o
 .ARM.attributes
                0x00000000000000a4       0x2d ./Core/Src/gpio.o
 .ARM.attributes
                0x00000000000000d1       0x2d ./Core/Src/main.o
 .ARM.attributes
                0x00000000000000fe       0x2d ./Core/Src/stm32f1xx_hal_msp.o
 .ARM.attributes
                0x000000000000012b       0x2d ./Core/Src/stm32f1xx_it.o
 .ARM.attributes
                0x0000000000000158       0x2d ./Core/Src/system_stm32f1xx.o
 .ARM.attributes
                0x0000000000000185       0x2d ./Core/Src/usart.o
 .ARM.attributes
                0x00000000000001b2       0x21 ./Core/Startup/startup_stm32f103c8tx.o
 .ARM.attributes
                0x00000000000001d3       0x2d ./Drivers/STM32F1xx_HAL_Driver/Src/stm32f1xx_hal.o
 .ARM.attributes
                0x0000000000000200       0x2d ./Drivers/STM32F1xx_HAL_Driver/Src/stm32f1xx_hal_cortex.o
 .ARM.attributes
                0x000000000000022d       0x2d ./Drivers/STM32F1xx_HAL_Driver/Src/stm32f1xx_hal_dma.o
 .ARM.attributes
                0x000000000000025a       0x2d ./Drivers/STM32F1xx_HAL_Driver/Src/stm32f1xx_hal_gpio.o
 .ARM.attributes
                0x0000000000000287       0x2d ./Drivers/STM32F1xx_HAL_Driver/Src/stm32f1xx_hal_rcc.o
 .ARM.attributes
                0x00000000000002b4       0x2d ./Drivers/STM32F1xx_HAL_Driver/Src/stm32f1xx_hal_uart.o
 .ARM.attributes
                0x00000000000002e1       0x2d ./Middlewares/Third_Party/FreeRTOS/Source/CMSIS_RTOS_V2/cmsis_os2.o
 .ARM.attributes
                0x000000000000030e       0x2d ./Middlewares/Third_Party/FreeRTOS/Source/event_groups.o
 .ARM.attributes
                0x000000000000033b       0x2d ./Middlewares/Third_Party/FreeRTOS/Source/list.o
 .ARM.attributes
                0x0000000000000368       0x2d ./Middlewares/Third_Party/FreeRTOS/Source/queue.o
 .ARM.attributes
                0x0000000000000395       0x2d ./Middlewares/Third_Party/FreeRTOS/Source/tasks.o
 .ARM.attributes
                0x00000000000003c2       0x2d ./Middlewares/Third_Party/FreeRTOS/Source/timers.o
 .ARM.attributes
                0x00000000000003ef       0x2d ./Middlewares/Third_Party/FreeRTOS/Source/portable/GCC/ARM_CM3/port.o
 .ARM.attributes
                0x000000000000041c       0x2d ./Middlewares/Third_Party/FreeRTOS/Source/portable/MemMang/heap_4.o
 .ARM.attributes
                0x0000000000000449       0x2d /Applications/STM32CubeIDE.app/Contents/Eclipse/plugins/com.st.stm32cube.ide.mcu.externaltools.gnu-tools-for-stm32.10.3-2021.10.macos64_1.0.200.202301161003/tools/bin/../lib/gcc/arm-none-eabi/10.3.1/../../../../arm-none-eabi/lib/thumb/v7-m/nofp/libc_nano.a(lib_a-findfp.o)
 .ARM.attributes
                0x0000000000000476       0x2d /Applications/STM32CubeIDE.app/Contents/Eclipse/plugins/com.st.stm32cube.ide.mcu.externaltools.gnu-tools-for-stm32.10.3-2021.10.macos64_1.0.200.202301161003/tools/bin/../lib/gcc/arm-none-eabi/10.3.1/../../../../arm-none-eabi/lib/thumb/v7-m/nofp/libc_nano.a(lib_a-impure.o)
 .ARM.attributes
                0x00000000000004a3       0x2d /Applications/STM32CubeIDE.app/Contents/Eclipse/plugins/com.st.stm32cube.ide.mcu.externaltools.gnu-tools-for-stm32.10.3-2021.10.macos64_1.0.200.202301161003/tools/bin/../lib/gcc/arm-none-eabi/10.3.1/../../../../arm-none-eabi/lib/thumb/v7-m/nofp/libc_nano.a(lib_a-init.o)
 .ARM.attributes
                0x00000000000004d0       0x2d /Applications/STM32CubeIDE.app/Contents/Eclipse/plugins/com.st.stm32cube.ide.mcu.externaltools.gnu-tools-for-stm32.10.3-2021.10.macos64_1.0.200.202301161003/tools/bin/../lib/gcc/arm-none-eabi/10.3.1/../../../../arm-none-eabi/lib/thumb/v7-m/nofp/libc_nano.a(lib_a-lock.o)
 .ARM.attributes
                0x00000000000004fd       0x2d /Applications/STM32CubeIDE.app/Contents/Eclipse/plugins/com.st.stm32cube.ide.mcu.externaltools.gnu-tools-for-stm32.10.3-2021.10.macos64_1.0.200.202301161003/tools/bin/../lib/gcc/arm-none-eabi/10.3.1/../../../../arm-none-eabi/lib/thumb/v7-m/nofp/libc_nano.a(lib_a-memcpy-stub.o)
 .ARM.attributes
                0x000000000000052a       0x2d /Applications/STM32CubeIDE.app/Contents/Eclipse/plugins/com.st.stm32cube.ide.mcu.externaltools.gnu-tools-for-stm32.10.3-2021.10.macos64_1.0.200.202301161003/tools/bin/../lib/gcc/arm-none-eabi/10.3.1/../../../../arm-none-eabi/lib/thumb/v7-m/nofp/libc_nano.a(lib_a-memset.o)
 .ARM.attributes
                0x0000000000000557       0x2d /Applications/STM32CubeIDE.app/Contents/Eclipse/plugins/com.st.stm32cube.ide.mcu.externaltools.gnu-tools-for-stm32.10.3-2021.10.macos64_1.0.200.202301161003/tools/bin/../lib/gcc/arm-none-eabi/10.3.1/../../../../arm-none-eabi/lib/thumb/v7-m/nofp/libc_nano.a(lib_a-nano-mallocr.o)
 .ARM.attributes
                0x0000000000000584       0x2d /Applications/STM32CubeIDE.app/Contents/Eclipse/plugins/com.st.stm32cube.ide.mcu.externaltools.gnu-tools-for-stm32.10.3-2021.10.macos64_1.0.200.202301161003/tools/bin/../lib/gcc/arm-none-eabi/10.3.1/../../../../arm-none-eabi/lib/thumb/v7-m/nofp/libc_nano.a(lib_a-reent.o)
 .ARM.attributes
                0x00000000000005b1       0x2d /Applications/STM32CubeIDE.app/Contents/Eclipse/plugins/com.st.stm32cube.ide.mcu.externaltools.gnu-tools-for-stm32.10.3-2021.10.macos64_1.0.200.202301161003/tools/bin/../lib/gcc/arm-none-eabi/10.3.1/../../../../arm-none-eabi/lib/thumb/v7-m/nofp/libc_nano.a(lib_a-mlock.o)
 .ARM.attributes
                0x00000000000005de       0x2d /Applications/STM32CubeIDE.app/Contents/Eclipse/plugins/com.st.stm32cube.ide.mcu.externaltools.gnu-tools-for-stm32.10.3-2021.10.macos64_1.0.200.202301161003/tools/bin/../lib/gcc/arm-none-eabi/10.3.1/../../../../arm-none-eabi/lib/thumb/v7-m/nofp/libc_nano.a(lib_a-nano-freer.o)
 .ARM.attributes
                0x000000000000060b       0x1d /Applications/STM32CubeIDE.app/Contents/Eclipse/plugins/com.st.stm32cube.ide.mcu.externaltools.gnu-tools-for-stm32.10.3-2021.10.macos64_1.0.200.202301161003/tools/bin/../lib/gcc/arm-none-eabi/10.3.1/thumb/v7-m/nofp/libgcc.a(_arm_muldf3.o)
 .ARM.attributes
                0x0000000000000628       0x1d /Applications/STM32CubeIDE.app/Contents/Eclipse/plugins/com.st.stm32cube.ide.mcu.externaltools.gnu-tools-for-stm32.10.3-2021.10.macos64_1.0.200.202301161003/tools/bin/../lib/gcc/arm-none-eabi/10.3.1/thumb/v7-m/nofp/libgcc.a(_arm_addsubdf3.o)
 .ARM.attributes
                0x0000000000000645       0x1d /Applications/STM32CubeIDE.app/Contents/Eclipse/plugins/com.st.stm32cube.ide.mcu.externaltools.gnu-tools-for-stm32.10.3-2021.10.macos64_1.0.200.202301161003/tools/bin/../lib/gcc/arm-none-eabi/10.3.1/thumb/v7-m/nofp/libgcc.a(_arm_cmpdf2.o)
 .ARM.attributes
                0x0000000000000662       0x1d /Applications/STM32CubeIDE.app/Contents/Eclipse/plugins/com.st.stm32cube.ide.mcu.externaltools.gnu-tools-for-stm32.10.3-2021.10.macos64_1.0.200.202301161003/tools/bin/../lib/gcc/arm-none-eabi/10.3.1/thumb/v7-m/nofp/crtn.o
OUTPUT(endo_pcb.elf elf32-littlearm)
LOAD linker stubs
LOAD /Applications/STM32CubeIDE.app/Contents/Eclipse/plugins/com.st.stm32cube.ide.mcu.externaltools.gnu-tools-for-stm32.10.3-2021.10.macos64_1.0.200.202301161003/tools/bin/../lib/gcc/arm-none-eabi/10.3.1/../../../../arm-none-eabi/lib/thumb/v7-m/nofp/libc.a
LOAD /Applications/STM32CubeIDE.app/Contents/Eclipse/plugins/com.st.stm32cube.ide.mcu.externaltools.gnu-tools-for-stm32.10.3-2021.10.macos64_1.0.200.202301161003/tools/bin/../lib/gcc/arm-none-eabi/10.3.1/../../../../arm-none-eabi/lib/thumb/v7-m/nofp/libm.a
LOAD /Applications/STM32CubeIDE.app/Contents/Eclipse/plugins/com.st.stm32cube.ide.mcu.externaltools.gnu-tools-for-stm32.10.3-2021.10.macos64_1.0.200.202301161003/tools/bin/../lib/gcc/arm-none-eabi/10.3.1/thumb/v7-m/nofp/libgcc.a

.debug_info     0x0000000000000000    0x1475e
 .debug_info    0x0000000000000000      0x2e6 ./Core/Src/dma.o
 .debug_info    0x00000000000002e6      0xe62 ./Core/Src/freertos.o
 .debug_info    0x0000000000001148      0x471 ./Core/Src/gpio.o
 .debug_info    0x00000000000015b9      0x334 ./Core/Src/main.o
 .debug_info    0x00000000000018ed      0x380 ./Core/Src/stm32f1xx_hal_msp.o
 .debug_info    0x0000000000001c6d      0x7f0 ./Core/Src/stm32f1xx_it.o
 .debug_info    0x000000000000245d      0x23d ./Core/Src/system_stm32f1xx.o
 .debug_info    0x000000000000269a      0xa5e ./Core/Src/usart.o
 .debug_info    0x00000000000030f8       0x22 ./Core/Startup/startup_stm32f103c8tx.o
 .debug_info    0x000000000000311a      0x734 ./Drivers/STM32F1xx_HAL_Driver/Src/stm32f1xx_hal.o
 .debug_info    0x000000000000384e      0xb20 ./Drivers/STM32F1xx_HAL_Driver/Src/stm32f1xx_hal_cortex.o
 .debug_info    0x000000000000436e      0x744 ./Drivers/STM32F1xx_HAL_Driver/Src/stm32f1xx_hal_dma.o
 .debug_info    0x0000000000004ab2      0x615 ./Drivers/STM32F1xx_HAL_Driver/Src/stm32f1xx_hal_gpio.o
 .debug_info    0x00000000000050c7      0x865 ./Drivers/STM32F1xx_HAL_Driver/Src/stm32f1xx_hal_rcc.o
 .debug_info    0x000000000000592c     0x31b2 ./Drivers/STM32F1xx_HAL_Driver/Src/stm32f1xx_hal_uart.o
 .debug_info    0x0000000000008ade     0x4300 ./Middlewares/Third_Party/FreeRTOS/Source/CMSIS_RTOS_V2/cmsis_os2.o
 .debug_info    0x000000000000cdde      0xc49 ./Middlewares/Third_Party/FreeRTOS/Source/event_groups.o
 .debug_info    0x000000000000da27      0x2cb ./Middlewares/Third_Party/FreeRTOS/Source/list.o
 .debug_info    0x000000000000dcf2     0x1bf9 ./Middlewares/Third_Party/FreeRTOS/Source/queue.o
 .debug_info    0x000000000000f8eb     0x2a28 ./Middlewares/Third_Party/FreeRTOS/Source/tasks.o
 .debug_info    0x0000000000012313     0x1bac ./Middlewares/Third_Party/FreeRTOS/Source/timers.o
 .debug_info    0x0000000000013ebf      0x4b7 ./Middlewares/Third_Party/FreeRTOS/Source/portable/GCC/ARM_CM3/port.o
 .debug_info    0x0000000000014376      0x3e8 ./Middlewares/Third_Party/FreeRTOS/Source/portable/MemMang/heap_4.o

.debug_abbrev   0x0000000000000000     0x326f
 .debug_abbrev  0x0000000000000000       0xf8 ./Core/Src/dma.o
 .debug_abbrev  0x00000000000000f8      0x2ad ./Core/Src/freertos.o
 .debug_abbrev  0x00000000000003a5      0x152 ./Core/Src/gpio.o
 .debug_abbrev  0x00000000000004f7      0x180 ./Core/Src/main.o
 .debug_abbrev  0x0000000000000677      0x115 ./Core/Src/stm32f1xx_hal_msp.o
 .debug_abbrev  0x000000000000078c      0x1bd ./Core/Src/stm32f1xx_it.o
 .debug_abbrev  0x0000000000000949      0x13b ./Core/Src/system_stm32f1xx.o
 .debug_abbrev  0x0000000000000a84      0x206 ./Core/Src/usart.o
 .debug_abbrev  0x0000000000000c8a       0x12 ./Core/Startup/startup_stm32f103c8tx.o
 .debug_abbrev  0x0000000000000c9c      0x1fb ./Drivers/STM32F1xx_HAL_Driver/Src/stm32f1xx_hal.o
 .debug_abbrev  0x0000000000000e97      0x2ed ./Drivers/STM32F1xx_HAL_Driver/Src/stm32f1xx_hal_cortex.o
 .debug_abbrev  0x0000000000001184      0x1fe ./Drivers/STM32F1xx_HAL_Driver/Src/stm32f1xx_hal_dma.o
 .debug_abbrev  0x0000000000001382      0x1bb ./Drivers/STM32F1xx_HAL_Driver/Src/stm32f1xx_hal_gpio.o
 .debug_abbrev  0x000000000000153d      0x2a8 ./Drivers/STM32F1xx_HAL_Driver/Src/stm32f1xx_hal_rcc.o
 .debug_abbrev  0x00000000000017e5      0x2df ./Drivers/STM32F1xx_HAL_Driver/Src/stm32f1xx_hal_uart.o
 .debug_abbrev  0x0000000000001ac4      0x446 ./Middlewares/Third_Party/FreeRTOS/Source/CMSIS_RTOS_V2/cmsis_os2.o
 .debug_abbrev  0x0000000000001f0a      0x310 ./Middlewares/Third_Party/FreeRTOS/Source/event_groups.o
 .debug_abbrev  0x000000000000221a       0xf2 ./Middlewares/Third_Party/FreeRTOS/Source/list.o
 .debug_abbrev  0x000000000000230c      0x3ba ./Middlewares/Third_Party/FreeRTOS/Source/queue.o
 .debug_abbrev  0x00000000000026c6      0x3f3 ./Middlewares/Third_Party/FreeRTOS/Source/tasks.o
 .debug_abbrev  0x0000000000002ab9      0x360 ./Middlewares/Third_Party/FreeRTOS/Source/timers.o
 .debug_abbrev  0x0000000000002e19      0x257 ./Middlewares/Third_Party/FreeRTOS/Source/portable/GCC/ARM_CM3/port.o
 .debug_abbrev  0x0000000000003070      0x1ff ./Middlewares/Third_Party/FreeRTOS/Source/portable/MemMang/heap_4.o

.debug_aranges  0x0000000000000000      0xf40
 .debug_aranges
                0x0000000000000000       0x20 ./Core/Src/dma.o
 .debug_aranges
                0x0000000000000020       0x68 ./Core/Src/freertos.o
 .debug_aranges
                0x0000000000000088       0x20 ./Core/Src/gpio.o
 .debug_aranges
                0x00000000000000a8       0x30 ./Core/Src/main.o
 .debug_aranges
                0x00000000000000d8       0x20 ./Core/Src/stm32f1xx_hal_msp.o
 .debug_aranges
                0x00000000000000f8       0x80 ./Core/Src/stm32f1xx_it.o
 .debug_aranges
                0x0000000000000178       0x28 ./Core/Src/system_stm32f1xx.o
 .debug_aranges
                0x00000000000001a0       0x38 ./Core/Src/usart.o
 .debug_aranges
                0x00000000000001d8       0x28 ./Core/Startup/startup_stm32f103c8tx.o
 .debug_aranges
                0x0000000000000200       0xe0 ./Drivers/STM32F1xx_HAL_Driver/Src/stm32f1xx_hal.o
 .debug_aranges
                0x00000000000002e0      0x100 ./Drivers/STM32F1xx_HAL_Driver/Src/stm32f1xx_hal_cortex.o
 .debug_aranges
                0x00000000000003e0       0x80 ./Drivers/STM32F1xx_HAL_Driver/Src/stm32f1xx_hal_dma.o
 .debug_aranges
                0x0000000000000460       0x58 ./Drivers/STM32F1xx_HAL_Driver/Src/stm32f1xx_hal_gpio.o
 .debug_aranges
                0x00000000000004b8       0x90 ./Drivers/STM32F1xx_HAL_Driver/Src/stm32f1xx_hal_rcc.o
 .debug_aranges
                0x0000000000000548      0x208 ./Drivers/STM32F1xx_HAL_Driver/Src/stm32f1xx_hal_uart.o
 .debug_aranges
                0x0000000000000750      0x228 ./Middlewares/Third_Party/FreeRTOS/Source/CMSIS_RTOS_V2/cmsis_os2.o
 .debug_aranges
                0x0000000000000978       0x90 ./Middlewares/Third_Party/FreeRTOS/Source/event_groups.o
 .debug_aranges
                0x0000000000000a08       0x40 ./Middlewares/Third_Party/FreeRTOS/Source/list.o
 .debug_aranges
                0x0000000000000a48      0x158 ./Middlewares/Third_Party/FreeRTOS/Source/queue.o
 .debug_aranges
                0x0000000000000ba0      0x1f8 ./Middlewares/Third_Party/FreeRTOS/Source/tasks.o
 .debug_aranges
                0x0000000000000d98       0xe0 ./Middlewares/Third_Party/FreeRTOS/Source/timers.o
 .debug_aranges
                0x0000000000000e78       0x78 ./Middlewares/Third_Party/FreeRTOS/Source/portable/GCC/ARM_CM3/port.o
 .debug_aranges
                0x0000000000000ef0       0x50 ./Middlewares/Third_Party/FreeRTOS/Source/portable/MemMang/heap_4.o

.debug_ranges   0x0000000000000000      0xe08
 .debug_ranges  0x0000000000000000       0x10 ./Core/Src/dma.o
 .debug_ranges  0x0000000000000010       0x58 ./Core/Src/freertos.o
 .debug_ranges  0x0000000000000068       0x10 ./Core/Src/gpio.o
 .debug_ranges  0x0000000000000078       0x20 ./Core/Src/main.o
 .debug_ranges  0x0000000000000098       0x10 ./Core/Src/stm32f1xx_hal_msp.o
 .debug_ranges  0x00000000000000a8       0x70 ./Core/Src/stm32f1xx_it.o
 .debug_ranges  0x0000000000000118       0x18 ./Core/Src/system_stm32f1xx.o
 .debug_ranges  0x0000000000000130       0x28 ./Core/Src/usart.o
 .debug_ranges  0x0000000000000158       0x20 ./Core/Startup/startup_stm32f103c8tx.o
 .debug_ranges  0x0000000000000178       0xd0 ./Drivers/STM32F1xx_HAL_Driver/Src/stm32f1xx_hal.o
 .debug_ranges  0x0000000000000248       0xf0 ./Drivers/STM32F1xx_HAL_Driver/Src/stm32f1xx_hal_cortex.o
 .debug_ranges  0x0000000000000338       0x70 ./Drivers/STM32F1xx_HAL_Driver/Src/stm32f1xx_hal_dma.o
 .debug_ranges  0x00000000000003a8       0x48 ./Drivers/STM32F1xx_HAL_Driver/Src/stm32f1xx_hal_gpio.o
 .debug_ranges  0x00000000000003f0       0x80 ./Drivers/STM32F1xx_HAL_Driver/Src/stm32f1xx_hal_rcc.o
 .debug_ranges  0x0000000000000470      0x228 ./Drivers/STM32F1xx_HAL_Driver/Src/stm32f1xx_hal_uart.o
 .debug_ranges  0x0000000000000698      0x218 ./Middlewares/Third_Party/FreeRTOS/Source/CMSIS_RTOS_V2/cmsis_os2.o
 .debug_ranges  0x00000000000008b0       0x80 ./Middlewares/Third_Party/FreeRTOS/Source/event_groups.o
 .debug_ranges  0x0000000000000930       0x30 ./Middlewares/Third_Party/FreeRTOS/Source/list.o
 .debug_ranges  0x0000000000000960      0x148 ./Middlewares/Third_Party/FreeRTOS/Source/queue.o
 .debug_ranges  0x0000000000000aa8      0x1e8 ./Middlewares/Third_Party/FreeRTOS/Source/tasks.o
 .debug_ranges  0x0000000000000c90       0xd0 ./Middlewares/Third_Party/FreeRTOS/Source/timers.o
 .debug_ranges  0x0000000000000d60       0x68 ./Middlewares/Third_Party/FreeRTOS/Source/portable/GCC/ARM_CM3/port.o
 .debug_ranges  0x0000000000000dc8       0x40 ./Middlewares/Third_Party/FreeRTOS/Source/portable/MemMang/heap_4.o

.debug_macro    0x0000000000000000    0x18e59
 .debug_macro   0x0000000000000000      0x1a7 ./Core/Src/dma.o
 .debug_macro   0x00000000000001a7      0xa6c ./Core/Src/dma.o
 .debug_macro   0x0000000000000c13      0x21b ./Core/Src/dma.o
 .debug_macro   0x0000000000000e2e       0x2e ./Core/Src/dma.o
 .debug_macro   0x0000000000000e5c       0x22 ./Core/Src/dma.o
 .debug_macro   0x0000000000000e7e       0x22 ./Core/Src/dma.o
 .debug_macro   0x0000000000000ea0       0x8e ./Core/Src/dma.o
 .debug_macro   0x0000000000000f2e       0x51 ./Core/Src/dma.o
 .debug_macro   0x0000000000000f7f      0x103 ./Core/Src/dma.o
 .debug_macro   0x0000000000001082       0x6a ./Core/Src/dma.o
 .debug_macro   0x00000000000010ec      0x1df ./Core/Src/dma.o
 .debug_macro   0x00000000000012cb       0x1c ./Core/Src/dma.o
 .debug_macro   0x00000000000012e7       0x22 ./Core/Src/dma.o
 .debug_macro   0x0000000000001309       0xbd ./Core/Src/dma.o
 .debug_macro   0x00000000000013c6      0xd23 ./Core/Src/dma.o
 .debug_macro   0x00000000000020e9     0xe09e ./Core/Src/dma.o
 .debug_macro   0x0000000000010187       0x6d ./Core/Src/dma.o
 .debug_macro   0x00000000000101f4     0x348d ./Core/Src/dma.o
 .debug_macro   0x0000000000013681      0x174 ./Core/Src/dma.o
 .debug_macro   0x00000000000137f5       0x5c ./Core/Src/dma.o
 .debug_macro   0x0000000000013851      0x5bc ./Core/Src/dma.o
 .debug_macro   0x0000000000013e0d      0x289 ./Core/Src/dma.o
 .debug_macro   0x0000000000014096      0x1cb ./Core/Src/dma.o
 .debug_macro   0x0000000000014261      0x114 ./Core/Src/dma.o
 .debug_macro   0x0000000000014375      0x1b2 ./Core/Src/dma.o
 .debug_macro   0x0000000000014527       0x27 ./Core/Src/dma.o
 .debug_macro   0x000000000001454e      0x136 ./Core/Src/dma.o
 .debug_macro   0x0000000000014684      0x1bc ./Core/Src/dma.o
 .debug_macro   0x0000000000014840       0x34 ./Core/Src/dma.o
 .debug_macro   0x0000000000014874       0x3c ./Core/Src/dma.o
 .debug_macro   0x00000000000148b0       0x57 ./Core/Src/dma.o
 .debug_macro   0x0000000000014907       0x87 ./Core/Src/dma.o
 .debug_macro   0x000000000001498e      0x240 ./Core/Src/dma.o
 .debug_macro   0x0000000000014bce      0x140 ./Core/Src/dma.o
 .debug_macro   0x0000000000014d0e      0x28e ./Core/Src/dma.o
 .debug_macro   0x0000000000014f9c       0x83 ./Core/Src/dma.o
 .debug_macro   0x000000000001501f       0xe8 ./Core/Src/dma.o
 .debug_macro   0x0000000000015107      0x2d2 ./Core/Src/freertos.o
 .debug_macro   0x00000000000153d9      0x123 ./Core/Src/freertos.o
 .debug_macro   0x00000000000154fc      0x15a ./Core/Src/freertos.o
 .debug_macro   0x0000000000015656       0xc2 ./Core/Src/freertos.o
 .debug_macro   0x0000000000015718       0x10 ./Core/Src/freertos.o
 .debug_macro   0x0000000000015728       0x1f ./Core/Src/freertos.o
 .debug_macro   0x0000000000015747       0x52 ./Core/Src/freertos.o
 .debug_macro   0x0000000000015799       0x18 ./Core/Src/freertos.o
 .debug_macro   0x00000000000157b1       0x3c ./Core/Src/freertos.o
 .debug_macro   0x00000000000157ed       0x34 ./Core/Src/freertos.o
 .debug_macro   0x0000000000015821       0x16 ./Core/Src/freertos.o
 .debug_macro   0x0000000000015837       0x43 ./Core/Src/freertos.o
 .debug_macro   0x000000000001587a       0x34 ./Core/Src/freertos.o
 .debug_macro   0x00000000000158ae       0x10 ./Core/Src/freertos.o
 .debug_macro   0x00000000000158be       0x58 ./Core/Src/freertos.o
 .debug_macro   0x0000000000015916       0x71 ./Core/Src/freertos.o
 .debug_macro   0x0000000000015987       0x1c ./Core/Src/freertos.o
 .debug_macro   0x00000000000159a3      0x12a ./Core/Src/freertos.o
 .debug_macro   0x0000000000015acd       0x10 ./Core/Src/freertos.o
 .debug_macro   0x0000000000015add       0x35 ./Core/Src/freertos.o
 .debug_macro   0x0000000000015b12      0x479 ./Core/Src/freertos.o
 .debug_macro   0x0000000000015f8b       0xb5 ./Core/Src/freertos.o
 .debug_macro   0x0000000000016040       0x8c ./Core/Src/freertos.o
 .debug_macro   0x00000000000160cc       0x5b ./Core/Src/freertos.o
 .debug_macro   0x0000000000016127       0x74 ./Core/Src/freertos.o
 .debug_macro   0x000000000001619b       0xdd ./Core/Src/freertos.o
 .debug_macro   0x0000000000016278      0x1a7 ./Core/Src/gpio.o
 .debug_macro   0x000000000001641f      0x2cf ./Core/Src/main.o
 .debug_macro   0x00000000000166ee      0x123 ./Core/Src/main.o
 .debug_macro   0x0000000000016811      0x19d ./Core/Src/stm32f1xx_hal_msp.o
 .debug_macro   0x00000000000169ae      0x2ac ./Core/Src/stm32f1xx_it.o
 .debug_macro   0x0000000000016c5a      0x18e ./Core/Src/system_stm32f1xx.o
 .debug_macro   0x0000000000016de8      0x1a7 ./Core/Src/usart.o
 .debug_macro   0x0000000000016f8f      0x1b2 ./Drivers/STM32F1xx_HAL_Driver/Src/stm32f1xx_hal.o
 .debug_macro   0x0000000000017141      0x18e ./Drivers/STM32F1xx_HAL_Driver/Src/stm32f1xx_hal_cortex.o
 .debug_macro   0x00000000000172cf      0x18e ./Drivers/STM32F1xx_HAL_Driver/Src/stm32f1xx_hal_dma.o
 .debug_macro   0x000000000001745d      0x1f9 ./Drivers/STM32F1xx_HAL_Driver/Src/stm32f1xx_hal_gpio.o
 .debug_macro   0x0000000000017656      0x1a0 ./Drivers/STM32F1xx_HAL_Driver/Src/stm32f1xx_hal_rcc.o
 .debug_macro   0x00000000000177f6      0x18f ./Drivers/STM32F1xx_HAL_Driver/Src/stm32f1xx_hal_uart.o
 .debug_macro   0x0000000000017985      0x259 ./Middlewares/Third_Party/FreeRTOS/Source/CMSIS_RTOS_V2/cmsis_os2.o
 .debug_macro   0x0000000000017bde       0x10 ./Middlewares/Third_Party/FreeRTOS/Source/CMSIS_RTOS_V2/cmsis_os2.o
 .debug_macro   0x0000000000017bee       0x20 ./Middlewares/Third_Party/FreeRTOS/Source/CMSIS_RTOS_V2/cmsis_os2.o
 .debug_macro   0x0000000000017c0e       0x10 ./Middlewares/Third_Party/FreeRTOS/Source/CMSIS_RTOS_V2/cmsis_os2.o
 .debug_macro   0x0000000000017c1e       0xb7 ./Middlewares/Third_Party/FreeRTOS/Source/CMSIS_RTOS_V2/cmsis_os2.o
 .debug_macro   0x0000000000017cd5       0x16 ./Middlewares/Third_Party/FreeRTOS/Source/CMSIS_RTOS_V2/cmsis_os2.o
 .debug_macro   0x0000000000017ceb       0x91 ./Middlewares/Third_Party/FreeRTOS/Source/CMSIS_RTOS_V2/cmsis_os2.o
 .debug_macro   0x0000000000017d7c       0x8d ./Middlewares/Third_Party/FreeRTOS/Source/CMSIS_RTOS_V2/cmsis_os2.o
 .debug_macro   0x0000000000017e09       0x9a ./Middlewares/Third_Party/FreeRTOS/Source/CMSIS_RTOS_V2/cmsis_os2.o
 .debug_macro   0x0000000000017ea3      0x1f4 ./Middlewares/Third_Party/FreeRTOS/Source/event_groups.o
 .debug_macro   0x0000000000018097      0x10e ./Middlewares/Third_Party/FreeRTOS/Source/event_groups.o
 .debug_macro   0x00000000000181a5       0x8d ./Middlewares/Third_Party/FreeRTOS/Source/event_groups.o
 .debug_macro   0x0000000000018232      0x199 ./Middlewares/Third_Party/FreeRTOS/Source/list.o
 .debug_macro   0x00000000000183cb      0x224 ./Middlewares/Third_Party/FreeRTOS/Source/queue.o
 .debug_macro   0x00000000000185ef       0x16 ./Middlewares/Third_Party/FreeRTOS/Source/queue.o
 .debug_macro   0x0000000000018605      0x299 ./Middlewares/Third_Party/FreeRTOS/Source/tasks.o
 .debug_macro   0x000000000001889e       0x10 ./Middlewares/Third_Party/FreeRTOS/Source/tasks.o
 .debug_macro   0x00000000000188ae      0x1dc ./Middlewares/Third_Party/FreeRTOS/Source/timers.o
 .debug_macro   0x0000000000018a8a      0x20f ./Middlewares/Third_Party/FreeRTOS/Source/portable/GCC/ARM_CM3/port.o
 .debug_macro   0x0000000000018c99      0x1c0 ./Middlewares/Third_Party/FreeRTOS/Source/portable/MemMang/heap_4.o

.debug_line     0x0000000000000000    0x12ed4
 .debug_line    0x0000000000000000      0x672 ./Core/Src/dma.o