../Core/Src/stm32f1xx_it.c:75:6:NMI_Handler	4	static
../Core/Src/stm32f1xx_it.c:90:6:HardFault_Handler	4	static
../Core/Src/stm32f1xx_it.c:105:6:MemManage_Handler	4	static
../Core/Src/stm32f1xx_it.c:120:6:BusFault_Handler	4	static
../Core/Src/stm32f1xx_it.c:135:6:UsageFault_Handler	4	static
../Core/Src/stm32f1xx_it.c:150:6:DebugMon_Handler	4	static
../Core/Src/stm32f1xx_it.c:163:6:SysTick_Handler	8	static
../Core/Src/stm32f1xx_it.c:192:6:EXTI3_IRQHandler	8	static
../Core/Src/stm32f1xx_it.c:213:6:DMA1_Channel4_IRQHandler	8	static
../Core/Src/stm32f1xx_it.c:227:6:DMA1_Channel5_IRQHandler	8	static
../Core/Src/stm32f1xx_it.c:241:6:EXTI9_5_IRQHandler	8	static
../Core/Src/stm32f1xx_it.c:262:6:USART1_IRQHandler	8	static
../Core/Src/stm32f1xx_it.c:276:6:USART3_IRQHandler	8	static
